DEBUG : initialized BatchCoordinatorCD.activateBatchIn_in, CoordinatorBatchHarnessCD.activateBatchOut_o
DEBUG : initialized CoordinatorBatchHarnessCD.batchResultIn_in, BatchCoordinatorCD.batchDrainedOut_o
DEBUG : initialized ProductionCoordinatorCD.batchIn_in, BatchCoordinatorCD.productionBatchOut_o
DEBUG : initialized BatchCoordinatorCD.productionEventIn_in, ProductionCoordinatorCD.batchEventOut_o
DEBUG : initialized BatchCoordinatorCD.safetyResetIn_in, SafetyCoordinatorCD.batchSafetyResetOut_o
DEBUG : initialized ProductionCoordinatorCD.safetyHoldIn_in, SafetyCoordinatorCD.productionSafetyHoldOut_o
DEBUG : initialized ProductionCoordinatorCD.safetyResetIn_in, SafetyCoordinatorCD.productionSafetyResetOut_o
DEBUG : initialized SafetyCoordinatorCD.productionSafetyResetDoneIn_in, ProductionCoordinatorCD.safetyResetDoneOut_o
DEBUG : initialized BottleLoaderController.commandIn_in, ProductionCoordinatorCD.loaderJobOut_o
DEBUG : initialized ProductionCoordinatorCD.loaderReportIn_in, BottleLoaderController.reportOut_o
DEBUG : initialized BottleLoaderController.ackIn_in, ProductionCoordinatorCD.loaderAckOut_o
DEBUG : initialized ConveyorController.commandIn_in, ProductionCoordinatorCD.conveyorJobOut_o
DEBUG : initialized ProductionCoordinatorCD.conveyorReportIn_in, ConveyorController.reportOut_o
DEBUG : initialized ConveyorController.ackIn_in, ProductionCoordinatorCD.conveyorAckOut_o
DEBUG : initialized TwoLiquidFillerController.commandIn_in, ProductionCoordinatorCD.fillerJobOut_o
DEBUG : initialized ProductionCoordinatorCD.fillerReportIn_in, TwoLiquidFillerController.reportOut_o
DEBUG : initialized TwoLiquidFillerController.ackIn_in, ProductionCoordinatorCD.fillerAckOut_o
DEBUG : initialized LidLoaderShimCD.commandIn_in, ProductionCoordinatorCD.lidJobOut_o
DEBUG : initialized ProductionCoordinatorCD.lidReportIn_in, LidLoaderShimCD.reportOut_o
DEBUG : initialized LidLoaderShimCD.ackIn_in, ProductionCoordinatorCD.lidAckOut_o
DEBUG : initialized CapperShimCD.commandIn_in, ProductionCoordinatorCD.capperJobOut_o
DEBUG : initialized ProductionCoordinatorCD.capperReportIn_in, CapperShimCD.reportOut_o
DEBUG : initialized CapperShimCD.ackIn_in, ProductionCoordinatorCD.capperAckOut_o
DEBUG : initialized LabelerShimCD.commandIn_in, ProductionCoordinatorCD.labellerJobOut_o
DEBUG : initialized ProductionCoordinatorCD.labellerReportIn_in, LabelerShimCD.reportOut_o
DEBUG : initialized LabelerShimCD.ackIn_in, ProductionCoordinatorCD.labellerAckOut_o
DEBUG : initialized UnloaderShimCD.commandIn_in, ProductionCoordinatorCD.unloaderJobOut_o
DEBUG : initialized ProductionCoordinatorCD.unloaderReportIn_in, UnloaderShimCD.reportOut_o
DEBUG : initialized UnloaderShimCD.ackIn_in, ProductionCoordinatorCD.unloaderAckOut_o
DEBUG : initialized BottleLoaderPlant.load_in, BottleLoaderController.load_o
DEBUG : initialized BottleLoaderPlant.retract_in, BottleLoaderController.retract_o
DEBUG : initialized BottleLoaderController.bottleAvailable_in, BottleLoaderPlant.bottleAvailable_o
DEBUG : initialized BottleLoaderController.placed_in, BottleLoaderPlant.placed_o
DEBUG : initialized BottleLoaderController.armHome_in, BottleLoaderPlant.armHome_o
DEBUG : initialized ConveyorPlant.motorRun_in, ConveyorController.motorRun_o
DEBUG : initialized ConveyorController.photoEye_in, ConveyorPlant.photoEye_o
DEBUG : initialized ConveyorController.bottleLeft_in, ConveyorPlant.bottleLeft_o
DEBUG : initialized TwoLiquidFillerPlant.dose1_in, TwoLiquidFillerController.dose1_o
DEBUG : initialized TwoLiquidFillerPlant.dose2_in, TwoLiquidFillerController.dose2_o
DEBUG : initialized TwoLiquidFillerController.bottlePresent_in, TwoLiquidFillerPlant.bottlePresent_o
DEBUG : initialized TwoLiquidFillerController.dose1Done_in, TwoLiquidFillerPlant.dose1Done_o
DEBUG : initialized TwoLiquidFillerController.dose2Done_in, TwoLiquidFillerPlant.dose2Done_o
DEBUG : initialized TwoLiquidFillerController.overflow_in, TwoLiquidFillerPlant.overflow_o
DEBUG : initialized TwoLiquidFillerController.currentAmountA_in, TwoLiquidFillerPlant.currentAmountA_o
DEBUG : initialized TwoLiquidFillerController.currentAmountB_in, TwoLiquidFillerPlant.currentAmountB_o
DEBUG : initialized LidLoaderControllerCD.jobIn_in, LidLoaderShimCD.deviceJobOut_o
DEBUG : initialized LidLoaderShimCD.deviceReportIn_in, LidLoaderControllerCD.reportOut_o
DEBUG : initialized LidLoaderControllerCD.ackIn_in, LidLoaderShimCD.deviceAckOut_o
DEBUG : initialized LidLoaderControllerCD.controlIn_in, LidLoaderShimCD.deviceControlOut_o
DEBUG : initialized LidLoaderShimCD.deviceControlReplyIn_in, LidLoaderControllerCD.controlReplyOut_o
DEBUG : initialized CapperControllerCD.jobIn_in, CapperShimCD.deviceJobOut_o
DEBUG : initialized CapperShimCD.deviceReportIn_in, CapperControllerCD.reportOut_o
DEBUG : initialized CapperControllerCD.ackIn_in, CapperShimCD.deviceAckOut_o
DEBUG : initialized CapperControllerCD.controlIn_in, CapperShimCD.deviceControlOut_o
DEBUG : initialized CapperShimCD.deviceControlReplyIn_in, CapperControllerCD.controlReplyOut_o
DEBUG : initialized LabelerControllerCD.jobIn_in, LabelerShimCD.deviceJobOut_o
DEBUG : initialized LabelerShimCD.deviceReportIn_in, LabelerControllerCD.reportOut_o
DEBUG : initialized LabelerControllerCD.ackIn_in, LabelerShimCD.deviceAckOut_o
DEBUG : initialized LabelerControllerCD.controlIn_in, LabelerShimCD.deviceControlOut_o
DEBUG : initialized LabelerShimCD.deviceControlReplyIn_in, LabelerControllerCD.controlReplyOut_o
DEBUG : initialized UnloaderControllerCD.jobIn_in, UnloaderShimCD.deviceJobOut_o
DEBUG : initialized UnloaderShimCD.deviceReportIn_in, UnloaderControllerCD.reportOut_o
DEBUG : initialized UnloaderControllerCD.ackIn_in, UnloaderShimCD.deviceAckOut_o
DEBUG : initialized UnloaderControllerCD.controlIn_in, UnloaderShimCD.deviceControlOut_o
DEBUG : initialized UnloaderShimCD.deviceControlReplyIn_in, UnloaderControllerCD.controlReplyOut_o
DEBUG : initialized RotaryTablePlant.rotate_in, RotaryTableController.rotate_o
DEBUG : initialized RotaryTableController.aligned_in, RotaryTablePlant.aligned_o
DEBUG : initialized LidLoaderPlantCD.commandIn_in, LidLoaderControllerCD.plantCommandOut_o
DEBUG : initialized LidLoaderControllerCD.plantEvidenceIn_in, LidLoaderPlantCD.evidenceOut_o
DEBUG : initialized CapperPlantCD.commandIn_in, CapperControllerCD.plantCommandOut_o
DEBUG : initialized CapperControllerCD.plantEvidenceIn_in, CapperPlantCD.evidenceOut_o
DEBUG : initialized LabelerPlantCD.commandIn_in, LabelerControllerCD.plantCommandOut_o
DEBUG : initialized LabelerControllerCD.plantEvidenceIn_in, LabelerPlantCD.evidenceOut_o
DEBUG : initialized UnloaderPlantCD.commandIn_in, UnloaderControllerCD.plantCommandOut_o
DEBUG : initialized UnloaderControllerCD.plantEvidenceIn_in, UnloaderPlantCD.evidenceOut_o
AVAILABILITY FAST HARNESS: B2 only
[SafetyMonitor] Commands: 'hazard' (simulate human presence / out-of-range sensor), 'clear' (simulate condition back to normal), 'reset' (operator acknowledgement to resume).
FLAT SHIM SIMULATION: LID assumes preconditions, grants boot permit, and auto-repairs safe simulated faults; no bottle retry
FLAT SHIM SIMULATION: CAPPER assumes preconditions, grants boot permit, and auto-repairs safe simulated faults; no bottle retry
FLAT SHIM SIMULATION: LABELLER assumes preconditions, grants boot permit, and auto-repairs safe simulated faults; no bottle retry
FLAT SHIM SIMULATION: UNLOADER assumes preconditions, grants boot permit, and auto-repairs safe simulated faults; no bottle retry
COORDINATOR ACTIVATE B2 quantity=2 doses=35/65
EXPERIMENT ARMED batch=B2 target=NONE injectMode=EVENT injectEvent=BATCH_ACCEPTED injectOccurrence=1 afterEventMs=0 durationMs=0
EXPERIMENT EVENT name=BATCH_ACCEPTED occurrence=1 missionElapsedMs=0.0503
START received for WP-B2-1
Plant: LOAD received
Plant: bottle placed
Plant: RETRACT received
Plant: arm home
START received for WP-B2-1
Plant: MOTOR Run received
Plant: bottle reached photo eye
Bottle detected by photo eye
Plant: bottle left conveyor
Plant: MOTOR OFF received
TRACE WAIT_ALIGNMENT_ENTER rotation=1 ns=457078094528300 deadlineNs=457093094528300
TRACE ROTATE_TRIGGER_EMITTED rotation=1 ns=457078094717700
TRACE ROTARY_CONTROLLER_RECEIVED rotation=1 ns=457078098789800
TRACE ROTARY_PLANT_RECEIVED rotation=1 value=true ns=457078099054400
TRACE ROTATE_COMMAND_SENT rotation=1 ns=457078099892300
TRACE ROTARY_PLANT_ROTATION_COMPLETE rotation=1 ns=457078598185700
TRACE CONTROLLER_ALIGNED_RECEIVED rotation=1 value=true ns=457078599194500
TRACE TABLE_ALIGNED_EMITTED rotation=1 ns=457078599341700
TRACE ROTARY_PLANT_ALIGNED_SENT rotation=1 ns=457078599819500
TRACE TABLE_ALIGNED_OBSERVED rotation=1 ns=457078603622800
TRACE MODEL_ALIGNED_COMMITTED rotation=1 ns=457078603841300
TRACE MODEL_ALIGNED_RETURNED rotation=1 fault= ns=457078603920100
START received for WP-B2-2
START received for WP-B2-1
Plant: LOAD received
Plant: liquid 1 filled
Plant: bottle placed
Plant: RETRACT received
Plant: liquid 2 filled
Plant: arm home
START received for WP-B2-2
Plant: MOTOR Run received
Plant: bottle reached photo eye
Bottle detected by photo eye
Plant: bottle left conveyor
Plant: MOTOR OFF received
TRACE WAIT_ALIGNMENT_ENTER rotation=2 ns=457080659617000 deadlineNs=457095659617000
TRACE ROTATE_TRIGGER_EMITTED rotation=2 ns=457080659783600
TRACE ROTARY_CONTROLLER_RECEIVED rotation=2 ns=457080662675900
TRACE ROTARY_PLANT_RECEIVED rotation=2 value=true ns=457080662818400
TRACE ROTATE_COMMAND_SENT rotation=2 ns=457080664648500
TRACE ROTARY_PLANT_ROTATION_COMPLETE rotation=2 ns=457081163409800
TRACE CONTROLLER_ALIGNED_RECEIVED rotation=2 value=true ns=457081164407400
TRACE TABLE_ALIGNED_EMITTED rotation=2 ns=457081164482900
TRACE ROTARY_PLANT_ALIGNED_SENT rotation=2 ns=457081164731900
TRACE TABLE_ALIGNED_OBSERVED rotation=2 ns=457081167575600
TRACE MODEL_ALIGNED_COMMITTED rotation=2 ns=457081167891700
TRACE MODEL_ALIGNED_RETURNED rotation=2 fault= ns=457081167930500
START received for WP-B2-2
Plant: liquid 1 filled
Plant: liquid 2 filled
TRACE WAIT_ALIGNMENT_ENTER rotation=3 ns=457082198993100 deadlineNs=457097198993100
TRACE ROTATE_TRIGGER_EMITTED rotation=3 ns=457082199097900
TRACE ROTARY_CONTROLLER_RECEIVED rotation=3 ns=457082204007900
TRACE ROTARY_PLANT_RECEIVED rotation=3 value=true ns=457082204078800
TRACE ROTATE_COMMAND_SENT rotation=3 ns=457082204989900
TRACE ROTARY_PLANT_ROTATION_COMPLETE rotation=3 ns=457082705144500
TRACE CONTROLLER_ALIGNED_RECEIVED rotation=3 value=true ns=457082707144600
TRACE TABLE_ALIGNED_EMITTED rotation=3 ns=457082707187000
TRACE ROTARY_PLANT_ALIGNED_SENT rotation=3 ns=457082707466400
TRACE TABLE_ALIGNED_OBSERVED rotation=3 ns=457082711115200
TRACE MODEL_ALIGNED_COMMITTED rotation=3 ns=457082711260300
TRACE MODEL_ALIGNED_RETURNED rotation=3 fault= ns=457082711288800
TRACE WAIT_ALIGNMENT_ENTER rotation=4 ns=457082801638500 deadlineNs=457097801638500
TRACE ROTATE_TRIGGER_EMITTED rotation=4 ns=457082801790100
TRACE ROTARY_CONTROLLER_RECEIVED rotation=4 ns=457082805747400
TRACE ROTARY_PLANT_RECEIVED rotation=4 value=true ns=457082805859900
TRACE ROTATE_COMMAND_SENT rotation=4 ns=457082806666900
TRACE ROTARY_PLANT_ROTATION_COMPLETE rotation=4 ns=457083305324400
TRACE CONTROLLER_ALIGNED_RECEIVED rotation=4 value=true ns=457083306342300
TRACE TABLE_ALIGNED_EMITTED rotation=4 ns=457083306410900
TRACE ROTARY_PLANT_ALIGNED_SENT rotation=4 ns=457083306745100
TRACE TABLE_ALIGNED_OBSERVED rotation=4 ns=457083312240400
TRACE MODEL_ALIGNED_COMMITTED rotation=4 ns=457083312399100
TRACE MODEL_ALIGNED_RETURNED rotation=4 fault= ns=457083312458000
START received for WP-B2-1
Plant: MOTOR Run received
Plant: bottle reached photo eye
Bottle detected by photo eye
Plant: bottle left conveyor
Plant: MOTOR OFF received
TRACE WAIT_ALIGNMENT_ENTER rotation=5 ns=457084424875200 deadlineNs=457099424875200
TRACE ROTATE_TRIGGER_EMITTED rotation=5 ns=457084425004800
TRACE ROTARY_CONTROLLER_RECEIVED rotation=5 ns=457084429933900
TRACE ROTARY_PLANT_RECEIVED rotation=5 value=true ns=457084430035000
TRACE ROTATE_COMMAND_SENT rotation=5 ns=457084431397800
TRACE ROTARY_PLANT_ROTATION_COMPLETE rotation=5 ns=457084931410000
TRACE CONTROLLER_ALIGNED_RECEIVED rotation=5 value=true ns=457084932412500
TRACE TABLE_ALIGNED_EMITTED rotation=5 ns=457084932522800
TRACE ROTARY_PLANT_ALIGNED_SENT rotation=5 ns=457084933015700
TRACE TABLE_ALIGNED_OBSERVED rotation=5 ns=457084936360200
TRACE MODEL_ALIGNED_COMMITTED rotation=5 ns=457084936547000
TRACE MODEL_ALIGNED_RETURNED rotation=5 fault= ns=457084936602100
START received for WP-B2-2
Plant: MOTOR Run received
Plant: bottle reached photo eye
Bottle detected by photo eye
Plant: bottle left conveyor
Plant: MOTOR OFF received
COORDINATOR COMPLETED WP-B2-1 1/2
COORDINATOR COMPLETED WP-B2-2 2/2
COORDINATOR DRAINED B2 rotations=5
COORDINATOR DRAINED B2
EXPERIMENT_RESULT batch=B2 terminalStatus=DRAINED faultReason=NONE target=NONE injectMode=EVENT injectEvent=BATCH_ACCEPTED injectOccurrence=1 afterEventMs=0 eventMatched=false matchedEventOccurrence=0 eventMatchMissionMs=-1.0 requestedDurationMs=0 haltTriggered=false haltRecovered=false haltStartAfterEventMs=-1.0 haltStartLocalTick=-1 haltEndLocalTick=-1 localTicksDuringHalt=0 actualDownMs=0.0 missionMs=10179.0863 coordinatorElapsedTicks=0 batchElapsedTicks=6666 productionElapsedTicks=6666 safetyElapsedTicks=6666
AVAILABILITY FAST HARNESS PASSED: 2 bottles, recipe 35/65
