DEBUG : initialized BatchCoordinatorCD.activateBatchIn_in, CoordinatorBatchHarnessCD.activateBatchOut_o
DEBUG : initialized CoordinatorBatchHarnessCD.batchResultIn_in, BatchCoordinatorCD.batchDrainedOut_o
DEBUG : initialized ProductionCoordinatorCD.batchIn_in, BatchCoordinatorCD.productionBatchOut_o
DEBUG : initialized BatchCoordinatorCD.productionEventIn_in, ProductionCoordinatorCD.batchEventOut_o
DEBUG : initialized BatchCoordinatorCD.safetyResetIn_in, SafetyCoordinatorCD.batchSafetyResetOut_o
DEBUG : initialized ProductionCoordinatorCD.safetyHoldIn_in, SafetyCoordinatorCD.productionSafetyHoldOut_o
DEBUG : initialized ProductionCoordinatorCD.safetyResetIn_in, SafetyCoordinatorCD.productionSafetyResetOut_o
DEBUG : initialized SafetyCoordinatorCD.productionSafetyResetDoneIn_in, ProductionCoordinatorCD.safetyResetDoneOut_o
DEBUG : initialized BottleLoaderController.commandIn_in, ProductionCoordinatorCD.loaderJobOut_o
DEBUG : initialized ProductionCoordinatorCD.loaderReportIn_in, BottleLoaderController.reportOut_o
DEBUG : initialized BottleLoaderController.ackIn_in, ProductionCoordinatorCD.loaderAckOut_o
DEBUG : initialized ConveyorController.commandIn_in, ProductionCoordinatorCD.conveyorJobOut_o
DEBUG : initialized ProductionCoordinatorCD.conveyorReportIn_in, ConveyorController.reportOut_o
DEBUG : initialized ConveyorController.ackIn_in, ProductionCoordinatorCD.conveyorAckOut_o
DEBUG : initialized TwoLiquidFillerController.commandIn_in, ProductionCoordinatorCD.fillerJobOut_o
DEBUG : initialized ProductionCoordinatorCD.fillerReportIn_in, TwoLiquidFillerController.reportOut_o
DEBUG : initialized TwoLiquidFillerController.ackIn_in, ProductionCoordinatorCD.fillerAckOut_o
DEBUG : initialized LidLoaderShimCD.commandIn_in, ProductionCoordinatorCD.lidJobOut_o
DEBUG : initialized ProductionCoordinatorCD.lidReportIn_in, LidLoaderShimCD.reportOut_o
DEBUG : initialized LidLoaderShimCD.ackIn_in, ProductionCoordinatorCD.lidAckOut_o
DEBUG : initialized CapperShimCD.commandIn_in, ProductionCoordinatorCD.capperJobOut_o
DEBUG : initialized ProductionCoordinatorCD.capperReportIn_in, CapperShimCD.reportOut_o
DEBUG : initialized CapperShimCD.ackIn_in, ProductionCoordinatorCD.capperAckOut_o
DEBUG : initialized LabelerShimCD.commandIn_in, ProductionCoordinatorCD.labellerJobOut_o
DEBUG : initialized ProductionCoordinatorCD.labellerReportIn_in, LabelerShimCD.reportOut_o
DEBUG : initialized LabelerShimCD.ackIn_in, ProductionCoordinatorCD.labellerAckOut_o
DEBUG : initialized UnloaderShimCD.commandIn_in, ProductionCoordinatorCD.unloaderJobOut_o
DEBUG : initialized ProductionCoordinatorCD.unloaderReportIn_in, UnloaderShimCD.reportOut_o
DEBUG : initialized UnloaderShimCD.ackIn_in, ProductionCoordinatorCD.unloaderAckOut_o
DEBUG : initialized BottleLoaderPlant.load_in, BottleLoaderController.load_o
DEBUG : initialized BottleLoaderPlant.retract_in, BottleLoaderController.retract_o
DEBUG : initialized BottleLoaderController.bottleAvailable_in, BottleLoaderPlant.bottleAvailable_o
DEBUG : initialized BottleLoaderController.placed_in, BottleLoaderPlant.placed_o
DEBUG : initialized BottleLoaderController.armHome_in, BottleLoaderPlant.armHome_o
DEBUG : initialized ConveyorPlant.motorRun_in, ConveyorController.motorRun_o
DEBUG : initialized ConveyorController.photoEye_in, ConveyorPlant.photoEye_o
DEBUG : initialized ConveyorController.bottleLeft_in, ConveyorPlant.bottleLeft_o
DEBUG : initialized TwoLiquidFillerPlant.dose1_in, TwoLiquidFillerController.dose1_o
DEBUG : initialized TwoLiquidFillerPlant.dose2_in, TwoLiquidFillerController.dose2_o
DEBUG : initialized TwoLiquidFillerController.bottlePresent_in, TwoLiquidFillerPlant.bottlePresent_o
DEBUG : initialized TwoLiquidFillerController.dose1Done_in, TwoLiquidFillerPlant.dose1Done_o
DEBUG : initialized TwoLiquidFillerController.dose2Done_in, TwoLiquidFillerPlant.dose2Done_o
DEBUG : initialized TwoLiquidFillerController.overflow_in, TwoLiquidFillerPlant.overflow_o
DEBUG : initialized TwoLiquidFillerController.currentAmountA_in, TwoLiquidFillerPlant.currentAmountA_o
DEBUG : initialized TwoLiquidFillerController.currentAmountB_in, TwoLiquidFillerPlant.currentAmountB_o
DEBUG : initialized LidLoaderControllerCD.jobIn_in, LidLoaderShimCD.deviceJobOut_o
DEBUG : initialized LidLoaderShimCD.deviceReportIn_in, LidLoaderControllerCD.reportOut_o
DEBUG : initialized LidLoaderControllerCD.ackIn_in, LidLoaderShimCD.deviceAckOut_o
DEBUG : initialized LidLoaderControllerCD.controlIn_in, LidLoaderShimCD.deviceControlOut_o
DEBUG : initialized LidLoaderShimCD.deviceControlReplyIn_in, LidLoaderControllerCD.controlReplyOut_o
DEBUG : initialized CapperControllerCD.jobIn_in, CapperShimCD.deviceJobOut_o
DEBUG : initialized CapperShimCD.deviceReportIn_in, CapperControllerCD.reportOut_o
DEBUG : initialized CapperControllerCD.ackIn_in, CapperShimCD.deviceAckOut_o
DEBUG : initialized CapperControllerCD.controlIn_in, CapperShimCD.deviceControlOut_o
DEBUG : initialized CapperShimCD.deviceControlReplyIn_in, CapperControllerCD.controlReplyOut_o
DEBUG : initialized LabelerControllerCD.jobIn_in, LabelerShimCD.deviceJobOut_o
DEBUG : initialized LabelerShimCD.deviceReportIn_in, LabelerControllerCD.reportOut_o
DEBUG : initialized LabelerControllerCD.ackIn_in, LabelerShimCD.deviceAckOut_o
DEBUG : initialized LabelerControllerCD.controlIn_in, LabelerShimCD.deviceControlOut_o
DEBUG : initialized LabelerShimCD.deviceControlReplyIn_in, LabelerControllerCD.controlReplyOut_o
DEBUG : initialized UnloaderControllerCD.jobIn_in, UnloaderShimCD.deviceJobOut_o
DEBUG : initialized UnloaderShimCD.deviceReportIn_in, UnloaderControllerCD.reportOut_o
DEBUG : initialized UnloaderControllerCD.ackIn_in, UnloaderShimCD.deviceAckOut_o
DEBUG : initialized UnloaderControllerCD.controlIn_in, UnloaderShimCD.deviceControlOut_o
DEBUG : initialized UnloaderShimCD.deviceControlReplyIn_in, UnloaderControllerCD.controlReplyOut_o
DEBUG : initialized RotaryTablePlant.rotate_in, RotaryTableController.rotate_o
DEBUG : initialized RotaryTableController.aligned_in, RotaryTablePlant.aligned_o
DEBUG : initialized LidLoaderPlantCD.commandIn_in, LidLoaderControllerCD.plantCommandOut_o
DEBUG : initialized LidLoaderControllerCD.plantEvidenceIn_in, LidLoaderPlantCD.evidenceOut_o
DEBUG : initialized CapperPlantCD.commandIn_in, CapperControllerCD.plantCommandOut_o
DEBUG : initialized CapperControllerCD.plantEvidenceIn_in, CapperPlantCD.evidenceOut_o
DEBUG : initialized LabelerPlantCD.commandIn_in, LabelerControllerCD.plantCommandOut_o
DEBUG : initialized LabelerControllerCD.plantEvidenceIn_in, LabelerPlantCD.evidenceOut_o
DEBUG : initialized UnloaderPlantCD.commandIn_in, UnloaderControllerCD.plantCommandOut_o
DEBUG : initialized UnloaderControllerCD.plantEvidenceIn_in, UnloaderPlantCD.evidenceOut_o
AVAILABILITY FAST HARNESS: B2 only
[SafetyMonitor] Commands: 'hazard' (simulate human presence / out-of-range sensor), 'clear' (simulate condition back to normal), 'reset' (operator acknowledgement to resume).
FLAT SHIM SIMULATION: LID assumes preconditions, grants boot permit, and auto-repairs safe simulated faults; no bottle retry
FLAT SHIM SIMULATION: CAPPER assumes preconditions, grants boot permit, and auto-repairs safe simulated faults; no bottle retry
FLAT SHIM SIMULATION: LABELLER assumes preconditions, grants boot permit, and auto-repairs safe simulated faults; no bottle retry
FLAT SHIM SIMULATION: UNLOADER assumes preconditions, grants boot permit, and auto-repairs safe simulated faults; no bottle retry
COORDINATOR ACTIVATE B2 quantity=2 doses=35/65
EXPERIMENT ARMED batch=B2 target=SAFETY injectMode=EVENT injectEvent=CONVEYOR_DONE injectOccurrence=1 afterEventMs=0 durationMs=500
START received for WP-B2-1
Plant: LOAD received
Plant: bottle placed
Plant: RETRACT received
Plant: arm home
START received for WP-B2-1
Plant: MOTOR Run received
Plant: bottle reached photo eye
Bottle detected by photo eye
Plant: bottle left conveyor
Plant: MOTOR OFF received
EXPERIMENT EVENT name=CONVEYOR_DONE occurrence=1 missionElapsedMs=2063.5013
EXPERIMENT HALT_START target=SAFETY mode=EVENT event=CONVEYOR_DONE occurrence=1 missionElapsedMs=2063.5013 afterMatchedEventMs=0.0 haltStartLocalTick=1382 requestedDurationMs=500
TRACE WAIT_ALIGNMENT_ENTER rotation=1 ns=457258805701100 deadlineNs=457273805701100
TRACE ROTATE_TRIGGER_EMITTED rotation=1 ns=457258805851800
TRACE ROTARY_CONTROLLER_RECEIVED rotation=1 ns=457258810849500
TRACE ROTARY_PLANT_RECEIVED rotation=1 value=true ns=457258811080800
TRACE ROTATE_COMMAND_SENT rotation=1 ns=457258811799700
EXPERIMENT HALT_END target=SAFETY actualDownMs=500.1457 haltEndLocalTick=1721 localTicksDuringHalt=338
TRACE ROTARY_PLANT_ROTATION_COMPLETE rotation=1 ns=457259310915800
TRACE CONTROLLER_ALIGNED_RECEIVED rotation=1 value=true ns=457259312906500
TRACE TABLE_ALIGNED_EMITTED rotation=1 ns=457259313044900
TRACE ROTARY_PLANT_ALIGNED_SENT rotation=1 ns=457259313475200
TRACE TABLE_ALIGNED_OBSERVED rotation=1 ns=457259316926800
TRACE MODEL_ALIGNED_COMMITTED rotation=1 ns=457259317157900
TRACE MODEL_ALIGNED_RETURNED rotation=1 fault= ns=457259317229900
START received for WP-B2-2
START received for WP-B2-1
Plant: LOAD received
Plant: liquid 1 filled
Plant: bottle placed
Plant: RETRACT received
Plant: liquid 2 filled
Plant: arm home
START received for WP-B2-2
Plant: MOTOR Run received
Plant: bottle reached photo eye
Bottle detected by photo eye
Plant: bottle left conveyor
Plant: MOTOR OFF received
EXPERIMENT EVENT name=CONVEYOR_DONE occurrence=2 missionElapsedMs=4627.4804
TRACE WAIT_ALIGNMENT_ENTER rotation=2 ns=457261370425700 deadlineNs=457276370425700
TRACE ROTATE_TRIGGER_EMITTED rotation=2 ns=457261370634700
TRACE ROTARY_CONTROLLER_RECEIVED rotation=2 ns=457261373405500
TRACE ROTARY_PLANT_RECEIVED rotation=2 value=true ns=457261373485500
TRACE ROTATE_COMMAND_SENT rotation=2 ns=457261374471500
TRACE ROTARY_PLANT_ROTATION_COMPLETE rotation=2 ns=457261873226100
TRACE CONTROLLER_ALIGNED_RECEIVED rotation=2 value=true ns=457261875220600
TRACE TABLE_ALIGNED_EMITTED rotation=2 ns=457261875244900
TRACE ROTARY_PLANT_ALIGNED_SENT rotation=2 ns=457261875534600
TRACE TABLE_ALIGNED_OBSERVED rotation=2 ns=457261879369800
TRACE MODEL_ALIGNED_COMMITTED rotation=2 ns=457261879480400
TRACE MODEL_ALIGNED_RETURNED rotation=2 fault= ns=457261879497000
START received for WP-B2-2
Plant: liquid 1 filled
Plant: liquid 2 filled
TRACE WAIT_ALIGNMENT_ENTER rotation=3 ns=457262913980800 deadlineNs=457277913980800
TRACE ROTATE_TRIGGER_EMITTED rotation=3 ns=457262914077400
TRACE ROTARY_CONTROLLER_RECEIVED rotation=3 ns=457262918053400
TRACE ROTARY_PLANT_RECEIVED rotation=3 value=true ns=457262918159700
TRACE ROTATE_COMMAND_SENT rotation=3 ns=457262920009900
TRACE ROTARY_PLANT_ROTATION_COMPLETE rotation=3 ns=457263418399900
TRACE CONTROLLER_ALIGNED_RECEIVED rotation=3 value=true ns=457263419397000
TRACE TABLE_ALIGNED_EMITTED rotation=3 ns=457263419443800
TRACE ROTARY_PLANT_ALIGNED_SENT rotation=3 ns=457263419729200
TRACE TABLE_ALIGNED_OBSERVED rotation=3 ns=457263424376400
TRACE MODEL_ALIGNED_COMMITTED rotation=3 ns=457263424527800
TRACE MODEL_ALIGNED_RETURNED rotation=3 fault= ns=457263424567100
TRACE WAIT_ALIGNMENT_ENTER rotation=4 ns=457263518703100 deadlineNs=457278518703100
TRACE ROTATE_TRIGGER_EMITTED rotation=4 ns=457263518785100
TRACE ROTARY_CONTROLLER_RECEIVED rotation=4 ns=457263524617300
TRACE ROTARY_PLANT_RECEIVED rotation=4 value=true ns=457263524696700
TRACE ROTATE_COMMAND_SENT rotation=4 ns=457263526591800
TRACE ROTARY_PLANT_ROTATION_COMPLETE rotation=4 ns=457264025541500
TRACE CONTROLLER_ALIGNED_RECEIVED rotation=4 value=true ns=457264026590300
TRACE TABLE_ALIGNED_EMITTED rotation=4 ns=457264026638700
TRACE ROTARY_PLANT_ALIGNED_SENT rotation=4 ns=457264026917300
TRACE TABLE_ALIGNED_OBSERVED rotation=4 ns=457264030520200
TRACE MODEL_ALIGNED_COMMITTED rotation=4 ns=457264030699100
TRACE MODEL_ALIGNED_RETURNED rotation=4 fault= ns=457264030733000
START received for WP-B2-1
Plant: MOTOR Run received
Plant: bottle reached photo eye
Bottle detected by photo eye
Plant: bottle left conveyor
Plant: MOTOR OFF received
EXPERIMENT EVENT name=CONVEYOR_DONE occurrence=3 missionElapsedMs=8400.256
TRACE WAIT_ALIGNMENT_ENTER rotation=5 ns=457265144442300 deadlineNs=457280144442300
TRACE ROTATE_TRIGGER_EMITTED rotation=5 ns=457265144621300
TRACE ROTARY_CONTROLLER_RECEIVED rotation=5 ns=457265149633500
TRACE ROTARY_PLANT_RECEIVED rotation=5 value=true ns=457265149792300
TRACE ROTATE_COMMAND_SENT rotation=5 ns=457265151506100
TRACE ROTARY_PLANT_ROTATION_COMPLETE rotation=5 ns=457265650362000
TRACE CONTROLLER_ALIGNED_RECEIVED rotation=5 value=true ns=457265651350600
TRACE TABLE_ALIGNED_EMITTED rotation=5 ns=457265651448200
TRACE ROTARY_PLANT_ALIGNED_SENT rotation=5 ns=457265652015400
TRACE TABLE_ALIGNED_OBSERVED rotation=5 ns=457265655262400
TRACE MODEL_ALIGNED_COMMITTED rotation=5 ns=457265655472900
TRACE MODEL_ALIGNED_RETURNED rotation=5 fault= ns=457265655544500
START received for WP-B2-2
Plant: MOTOR Run received
Plant: bottle reached photo eye
Bottle detected by photo eye
Plant: bottle left conveyor
Plant: MOTOR OFF received
EXPERIMENT EVENT name=CONVEYOR_DONE occurrence=4 missionElapsedMs=10008.4855
COORDINATOR COMPLETED WP-B2-1 1/2
COORDINATOR COMPLETED WP-B2-2 2/2
COORDINATOR DRAINED B2 rotations=5
COORDINATOR DRAINED B2
EXPERIMENT_RESULT batch=B2 terminalStatus=DRAINED faultReason=NONE target=SAFETY injectMode=EVENT injectEvent=CONVEYOR_DONE injectOccurrence=1 afterEventMs=0 eventMatched=true matchedEventOccurrence=1 eventMatchMissionMs=2063.5013 requestedDurationMs=500 haltTriggered=true haltRecovered=true haltStartAfterEventMs=0.0 haltStartLocalTick=1382 haltEndLocalTick=1721 localTicksDuringHalt=338 actualDownMs=500.1457 missionMs=10180.8423 coordinatorElapsedTicks=0 batchElapsedTicks=6764 productionElapsedTicks=6764 safetyElapsedTicks=6764
AVAILABILITY FAST HARNESS PASSED: 2 bottles, recipe 35/65
