DEBUG : initialized CoordinatorCD.activateBatchIn_in, CoordinatorBatchHarnessCD.activateBatchOut_o
DEBUG : initialized CoordinatorBatchHarnessCD.batchResultIn_in, CoordinatorCD.batchDrainedOut_o
DEBUG : initialized BottleLoaderController.commandIn_in, CoordinatorCD.loaderJobOut_o
DEBUG : initialized CoordinatorCD.loaderReportIn_in, BottleLoaderController.reportOut_o
DEBUG : initialized BottleLoaderController.ackIn_in, CoordinatorCD.loaderAckOut_o
DEBUG : initialized ConveyorController.commandIn_in, CoordinatorCD.conveyorJobOut_o
DEBUG : initialized CoordinatorCD.conveyorReportIn_in, ConveyorController.reportOut_o
DEBUG : initialized ConveyorController.ackIn_in, CoordinatorCD.conveyorAckOut_o
DEBUG : initialized TwoLiquidFillerController.commandIn_in, CoordinatorCD.fillerJobOut_o
DEBUG : initialized CoordinatorCD.fillerReportIn_in, TwoLiquidFillerController.reportOut_o
DEBUG : initialized TwoLiquidFillerController.ackIn_in, CoordinatorCD.fillerAckOut_o
DEBUG : initialized LidLoaderShimCD.commandIn_in, CoordinatorCD.lidJobOut_o
DEBUG : initialized CoordinatorCD.lidReportIn_in, LidLoaderShimCD.reportOut_o
DEBUG : initialized LidLoaderShimCD.ackIn_in, CoordinatorCD.lidAckOut_o
DEBUG : initialized CapperShimCD.commandIn_in, CoordinatorCD.capperJobOut_o
DEBUG : initialized CoordinatorCD.capperReportIn_in, CapperShimCD.reportOut_o
DEBUG : initialized CapperShimCD.ackIn_in, CoordinatorCD.capperAckOut_o
DEBUG : initialized LabelerShimCD.commandIn_in, CoordinatorCD.labellerJobOut_o
DEBUG : initialized CoordinatorCD.labellerReportIn_in, LabelerShimCD.reportOut_o
DEBUG : initialized LabelerShimCD.ackIn_in, CoordinatorCD.labellerAckOut_o
DEBUG : initialized UnloaderShimCD.commandIn_in, CoordinatorCD.unloaderJobOut_o
DEBUG : initialized CoordinatorCD.unloaderReportIn_in, UnloaderShimCD.reportOut_o
DEBUG : initialized UnloaderShimCD.ackIn_in, CoordinatorCD.unloaderAckOut_o
DEBUG : initialized RotaryTableController.rotationRequestIn_in, CoordinatorCD.rotationRequestOut_o
DEBUG : initialized CoordinatorCD.rotationDoneIn_in, RotaryTableController.rotationDoneOut_o
DEBUG : initialized BottleLoaderPlant.load_in, BottleLoaderController.load_o
DEBUG : initialized BottleLoaderPlant.retract_in, BottleLoaderController.retract_o
DEBUG : initialized BottleLoaderController.bottleAvailable_in, BottleLoaderPlant.bottleAvailable_o
DEBUG : initialized BottleLoaderController.placed_in, BottleLoaderPlant.placed_o
DEBUG : initialized BottleLoaderController.armHome_in, BottleLoaderPlant.armHome_o
DEBUG : initialized ConveyorPlant.motorRun_in, ConveyorController.motorRun_o
DEBUG : initialized ConveyorController.photoEye_in, ConveyorPlant.photoEye_o
DEBUG : initialized ConveyorController.bottleLeft_in, ConveyorPlant.bottleLeft_o
DEBUG : initialized TwoLiquidFillerPlant.dose1_in, TwoLiquidFillerController.dose1_o
DEBUG : initialized TwoLiquidFillerPlant.dose2_in, TwoLiquidFillerController.dose2_o
DEBUG : initialized TwoLiquidFillerController.bottlePresent_in, TwoLiquidFillerPlant.bottlePresent_o
DEBUG : initialized TwoLiquidFillerController.dose1Done_in, TwoLiquidFillerPlant.dose1Done_o
DEBUG : initialized TwoLiquidFillerController.dose2Done_in, TwoLiquidFillerPlant.dose2Done_o
DEBUG : initialized TwoLiquidFillerController.overflow_in, TwoLiquidFillerPlant.overflow_o
DEBUG : initialized TwoLiquidFillerController.currentAmountA_in, TwoLiquidFillerPlant.currentAmountA_o
DEBUG : initialized TwoLiquidFillerController.currentAmountB_in, TwoLiquidFillerPlant.currentAmountB_o
DEBUG : initialized LidLoaderControllerCD.jobIn_in, LidLoaderShimCD.deviceJobOut_o
DEBUG : initialized LidLoaderShimCD.deviceReportIn_in, LidLoaderControllerCD.reportOut_o
DEBUG : initialized LidLoaderControllerCD.ackIn_in, LidLoaderShimCD.deviceAckOut_o
DEBUG : initialized LidLoaderControllerCD.controlIn_in, LidLoaderShimCD.deviceControlOut_o
DEBUG : initialized LidLoaderShimCD.deviceControlReplyIn_in, LidLoaderControllerCD.controlReplyOut_o
DEBUG : initialized CapperControllerCD.jobIn_in, CapperShimCD.deviceJobOut_o
DEBUG : initialized CapperShimCD.deviceReportIn_in, CapperControllerCD.reportOut_o
DEBUG : initialized CapperControllerCD.ackIn_in, CapperShimCD.deviceAckOut_o
DEBUG : initialized CapperControllerCD.controlIn_in, CapperShimCD.deviceControlOut_o
DEBUG : initialized CapperShimCD.deviceControlReplyIn_in, CapperControllerCD.controlReplyOut_o
DEBUG : initialized LabelerControllerCD.jobIn_in, LabelerShimCD.deviceJobOut_o
DEBUG : initialized LabelerShimCD.deviceReportIn_in, LabelerControllerCD.reportOut_o
DEBUG : initialized LabelerControllerCD.ackIn_in, LabelerShimCD.deviceAckOut_o
DEBUG : initialized LabelerControllerCD.controlIn_in, LabelerShimCD.deviceControlOut_o
DEBUG : initialized LabelerShimCD.deviceControlReplyIn_in, LabelerControllerCD.controlReplyOut_o
DEBUG : initialized UnloaderControllerCD.jobIn_in, UnloaderShimCD.deviceJobOut_o
DEBUG : initialized UnloaderShimCD.deviceReportIn_in, UnloaderControllerCD.reportOut_o
DEBUG : initialized UnloaderControllerCD.ackIn_in, UnloaderShimCD.deviceAckOut_o
DEBUG : initialized UnloaderControllerCD.controlIn_in, UnloaderShimCD.deviceControlOut_o
DEBUG : initialized UnloaderShimCD.deviceControlReplyIn_in, UnloaderControllerCD.controlReplyOut_o
DEBUG : initialized RotaryTablePlant.rotate_in, RotaryTableController.rotate_o
DEBUG : initialized RotaryTableController.aligned_in, RotaryTablePlant.aligned_o
DEBUG : initialized LidLoaderPlantCD.commandIn_in, LidLoaderControllerCD.plantCommandOut_o
DEBUG : initialized LidLoaderControllerCD.plantEvidenceIn_in, LidLoaderPlantCD.evidenceOut_o
DEBUG : initialized CapperPlantCD.commandIn_in, CapperControllerCD.plantCommandOut_o
DEBUG : initialized CapperControllerCD.plantEvidenceIn_in, CapperPlantCD.evidenceOut_o
DEBUG : initialized LabelerPlantCD.commandIn_in, LabelerControllerCD.plantCommandOut_o
DEBUG : initialized LabelerControllerCD.plantEvidenceIn_in, LabelerPlantCD.evidenceOut_o
DEBUG : initialized UnloaderPlantCD.commandIn_in, UnloaderControllerCD.plantCommandOut_o
DEBUG : initialized UnloaderControllerCD.plantEvidenceIn_in, UnloaderPlantCD.evidenceOut_o
AVAILABILITY FAST HARNESS: B2 only
FLAT SHIM SIMULATION: LID assumes preconditions, grants boot permit, and auto-repairs safe simulated faults; no bottle retry
FLAT SHIM SIMULATION: CAPPER assumes preconditions, grants boot permit, and auto-repairs safe simulated faults; no bottle retry
FLAT SHIM SIMULATION: LABELLER assumes preconditions, grants boot permit, and auto-repairs safe simulated faults; no bottle retry
FLAT SHIM SIMULATION: UNLOADER assumes preconditions, grants boot permit, and auto-repairs safe simulated faults; no bottle retry
COORDINATOR ACTIVATE B2 quantity=2 doses=35/65
EXPERIMENT ARMED batch=B2 target=COORDINATOR injectMode=EVENT injectEvent=CONVEYOR_DONE injectOccurrence=1 afterEventMs=0 durationMs=500
START received for WP-B2-1
Plant: LOAD received
Plant: bottle placed
Plant: RETRACT received
Plant: arm home
START received for WP-B2-1
Plant: MOTOR Run received
Plant: bottle reached photo eye
Bottle detected by photo eye
Plant: bottle left conveyor
Plant: MOTOR OFF received
EXPERIMENT EVENT name=CONVEYOR_DONE occurrence=1 missionElapsedMs=2061.2273
EXPERIMENT HALT_START target=COORDINATOR mode=EVENT event=CONVEYOR_DONE occurrence=1 missionElapsedMs=2061.2273 afterMatchedEventMs=0.0 haltStartLocalTick=1357 requestedDurationMs=500
EXPERIMENT HALT_END target=COORDINATOR actualDownMs=500.0433 haltEndLocalTick=1631 localTicksDuringHalt=273
TRACE CENTRAL_ROTATION_REQUEST_READY rotation=1 request=ROTATE|1 ns=491270984549200
TRACE ROTATION_REQUEST_RECEIVED request=ROTATE|1 lastCompletedId=0 ns=491270985072500
TRACE ROTATE_COMMAND_READY rotation=1 ns=491270985160900
TRACE ROTARY_PLANT_RECEIVED rotation=1 value=true ns=491270985362300
TRACE CENTRAL_ROTATION_REQUEST_RENDEZVOUS_COMPLETE rotation=1 ns=491271000231000
TRACE ROTATE_COMMAND_RENDEZVOUS_COMPLETE rotation=1 ns=491271000793000
TRACE ROTARY_PLANT_ROTATION_COMPLETE rotation=1 ns=491271500911300
TRACE CONTROLLER_ALIGNED_RECEIVED rotation=1 value=true ns=491271516094600
TRACE ROTARY_PLANT_ALIGNED_SENT rotation=1 ns=491271516427600
TRACE CENTRAL_ROTATION_DONE_RECEIVED rotation=1 message=DONE|1 ns=491271530994300
TRACE CENTRAL_MODEL_ALIGNED_RETURNED rotation=1 ns=491271531518600
TRACE ROTATION_DONE_RENDEZVOUS_COMPLETE rotation=1 ns=491271531772800
START received for WP-B2-2
START received for WP-B2-1
Plant: LOAD received
Plant: liquid 1 filled
Plant: bottle placed
Plant: RETRACT received
Plant: liquid 2 filled
Plant: arm home
START received for WP-B2-2
Plant: MOTOR Run received
Plant: bottle reached photo eye
Bottle detected by photo eye
Plant: bottle left conveyor
Plant: MOTOR OFF received
EXPERIMENT EVENT name=CONVEYOR_DONE occurrence=2 missionElapsedMs=5259.5224
TRACE CENTRAL_ROTATION_REQUEST_READY rotation=2 request=ROTATE|2 ns=491273655367100
TRACE ROTATION_REQUEST_RECEIVED request=ROTATE|2 lastCompletedId=1 ns=491273655423700
TRACE ROTATE_COMMAND_READY rotation=2 ns=491273655453800
TRACE ROTARY_PLANT_RECEIVED rotation=2 value=true ns=491273655467900
TRACE CENTRAL_ROTATION_REQUEST_RENDEZVOUS_COMPLETE rotation=2 ns=491273657571100
TRACE ROTATE_COMMAND_RENDEZVOUS_COMPLETE rotation=2 ns=491273657698000
TRACE ROTARY_PLANT_ROTATION_COMPLETE rotation=2 ns=491274155865700
TRACE CONTROLLER_ALIGNED_RECEIVED rotation=2 value=true ns=491274156616500
TRACE ROTARY_PLANT_ALIGNED_SENT rotation=2 ns=491274156679400
TRACE CENTRAL_ROTATION_DONE_RECEIVED rotation=2 message=DONE|2 ns=491274157586500
TRACE CENTRAL_MODEL_ALIGNED_RETURNED rotation=2 ns=491274157743700
TRACE ROTATION_DONE_RENDEZVOUS_COMPLETE rotation=2 ns=491274157802500
START received for WP-B2-2
Plant: liquid 1 filled
Plant: liquid 2 filled
TRACE CENTRAL_ROTATION_REQUEST_READY rotation=3 request=ROTATE|3 ns=491275191487100
TRACE ROTATION_REQUEST_RECEIVED request=ROTATE|3 lastCompletedId=2 ns=491275191669100
TRACE ROTATE_COMMAND_READY rotation=3 ns=491275191738000
TRACE ROTARY_PLANT_RECEIVED rotation=3 value=true ns=491275191763400
TRACE CENTRAL_ROTATION_REQUEST_RENDEZVOUS_COMPLETE rotation=3 ns=491275193514800
TRACE ROTATE_COMMAND_RENDEZVOUS_COMPLETE rotation=3 ns=491275193647100
TRACE ROTARY_PLANT_ROTATION_COMPLETE rotation=3 ns=491275691448700
TRACE CONTROLLER_ALIGNED_RECEIVED rotation=3 value=true ns=491275692442900
TRACE ROTARY_PLANT_ALIGNED_SENT rotation=3 ns=491275692485600
TRACE CENTRAL_ROTATION_DONE_RECEIVED rotation=3 message=DONE|3 ns=491275693960200
TRACE CENTRAL_MODEL_ALIGNED_RETURNED rotation=3 ns=491275694121000
TRACE ROTATION_DONE_RENDEZVOUS_COMPLETE rotation=3 ns=491275694180700
TRACE CENTRAL_ROTATION_REQUEST_READY rotation=4 request=ROTATE|4 ns=491275793546900
TRACE ROTATION_REQUEST_RECEIVED request=ROTATE|4 lastCompletedId=3 ns=491275793712700
TRACE ROTATE_COMMAND_READY rotation=4 ns=491275793744300
TRACE ROTARY_PLANT_RECEIVED rotation=4 value=true ns=491275793759300
TRACE CENTRAL_ROTATION_REQUEST_RENDEZVOUS_COMPLETE rotation=4 ns=491275794537300
TRACE ROTATE_COMMAND_RENDEZVOUS_COMPLETE rotation=4 ns=491275794581400
TRACE ROTARY_PLANT_ROTATION_COMPLETE rotation=4 ns=491276293643100
TRACE CONTROLLER_ALIGNED_RECEIVED rotation=4 value=true ns=491276294636600
TRACE ROTARY_PLANT_ALIGNED_SENT rotation=4 ns=491276294675000
TRACE CENTRAL_ROTATION_DONE_RECEIVED rotation=4 message=DONE|4 ns=491276297151400
TRACE CENTRAL_MODEL_ALIGNED_RETURNED rotation=4 ns=491276297276400
TRACE ROTATION_DONE_RENDEZVOUS_COMPLETE rotation=4 ns=491276297347500
START received for WP-B2-1
Plant: MOTOR Run received
Plant: bottle reached photo eye
Bottle detected by photo eye
Plant: bottle left conveyor
Plant: MOTOR OFF received
EXPERIMENT EVENT name=CONVEYOR_DONE occurrence=3 missionElapsedMs=9014.8016
TRACE CENTRAL_ROTATION_REQUEST_READY rotation=5 request=ROTATE|5 ns=491277412648800
TRACE ROTATION_REQUEST_RECEIVED request=ROTATE|5 lastCompletedId=4 ns=491277412761300
TRACE ROTATE_COMMAND_READY rotation=5 ns=491277412793900
TRACE ROTARY_PLANT_RECEIVED rotation=5 value=true ns=491277412817500
TRACE CENTRAL_ROTATION_REQUEST_RENDEZVOUS_COMPLETE rotation=5 ns=491277414660300
TRACE ROTATE_COMMAND_RENDEZVOUS_COMPLETE rotation=5 ns=491277414710800
TRACE ROTARY_PLANT_ROTATION_COMPLETE rotation=5 ns=491277913246500
TRACE CONTROLLER_ALIGNED_RECEIVED rotation=5 value=true ns=491277914238900
TRACE ROTARY_PLANT_ALIGNED_SENT rotation=5 ns=491277914280700
TRACE CENTRAL_ROTATION_DONE_RECEIVED rotation=5 message=DONE|5 ns=491277915204300
TRACE CENTRAL_MODEL_ALIGNED_RETURNED rotation=5 ns=491277915274900
TRACE ROTATION_DONE_RENDEZVOUS_COMPLETE rotation=5 ns=491277915308200
START received for WP-B2-2
Plant: MOTOR Run received
Plant: bottle reached photo eye
Bottle detected by photo eye
Plant: bottle left conveyor
Plant: MOTOR OFF received
EXPERIMENT EVENT name=CONVEYOR_DONE occurrence=4 missionElapsedMs=10620.2746
COORDINATOR COMPLETED WP-B2-1 1/2
COORDINATOR COMPLETED WP-B2-2 2/2
COORDINATOR DRAINED B2 rotations=5
EXPERIMENT_RESULT batch=B2 terminalStatus=DRAINED faultReason=NONE target=COORDINATOR injectMode=EVENT injectEvent=CONVEYOR_DONE injectOccurrence=1 afterEventMs=0 eventMatched=true matchedEventOccurrence=1 eventMatchMissionMs=2061.2273 requestedDurationMs=500 haltTriggered=true haltRecovered=true haltStartAfterEventMs=0.0 haltStartLocalTick=1357 haltEndLocalTick=1631 localTicksDuringHalt=273 actualDownMs=500.0433 missionMs=10812.0041 coordinatorElapsedTicks=6367 batchElapsedTicks=0 productionElapsedTicks=0 safetyElapsedTicks=0
AVAILABILITY FAST HARNESS PASSED: 2 bottles, recipe 35/65
