DEBUG : initialized BatchCoordinatorCD.activateBatchIn_in, CoordinatorBatchHarnessCD.activateBatchOut_o
DEBUG : initialized CoordinatorBatchHarnessCD.batchResultIn_in, BatchCoordinatorCD.batchDrainedOut_o
DEBUG : initialized ProductionCoordinatorCD.batchIn_in, BatchCoordinatorCD.productionBatchOut_o
DEBUG : initialized BatchCoordinatorCD.productionEventIn_in, ProductionCoordinatorCD.batchEventOut_o
DEBUG : initialized BatchCoordinatorCD.safetyResetIn_in, SafetyCoordinatorCD.batchSafetyResetOut_o
DEBUG : initialized ProductionCoordinatorCD.safetyHoldIn_in, SafetyCoordinatorCD.productionSafetyHoldOut_o
DEBUG : initialized ProductionCoordinatorCD.safetyResetIn_in, SafetyCoordinatorCD.productionSafetyResetOut_o
DEBUG : initialized SafetyCoordinatorCD.productionSafetyResetDoneIn_in, ProductionCoordinatorCD.safetyResetDoneOut_o
DEBUG : initialized BottleLoaderController.commandIn_in, ProductionCoordinatorCD.loaderJobOut_o
DEBUG : initialized ProductionCoordinatorCD.loaderReportIn_in, BottleLoaderController.reportOut_o
DEBUG : initialized BottleLoaderController.ackIn_in, ProductionCoordinatorCD.loaderAckOut_o
DEBUG : initialized ConveyorController.commandIn_in, ProductionCoordinatorCD.conveyorJobOut_o
DEBUG : initialized ProductionCoordinatorCD.conveyorReportIn_in, ConveyorController.reportOut_o
DEBUG : initialized ConveyorController.ackIn_in, ProductionCoordinatorCD.conveyorAckOut_o
DEBUG : initialized TwoLiquidFillerController.commandIn_in, ProductionCoordinatorCD.fillerJobOut_o
DEBUG : initialized ProductionCoordinatorCD.fillerReportIn_in, TwoLiquidFillerController.reportOut_o
DEBUG : initialized TwoLiquidFillerController.ackIn_in, ProductionCoordinatorCD.fillerAckOut_o
DEBUG : initialized LidLoaderShimCD.commandIn_in, ProductionCoordinatorCD.lidJobOut_o
DEBUG : initialized ProductionCoordinatorCD.lidReportIn_in, LidLoaderShimCD.reportOut_o
DEBUG : initialized LidLoaderShimCD.ackIn_in, ProductionCoordinatorCD.lidAckOut_o
DEBUG : initialized CapperShimCD.commandIn_in, ProductionCoordinatorCD.capperJobOut_o
DEBUG : initialized ProductionCoordinatorCD.capperReportIn_in, CapperShimCD.reportOut_o
DEBUG : initialized CapperShimCD.ackIn_in, ProductionCoordinatorCD.capperAckOut_o
DEBUG : initialized LabelerShimCD.commandIn_in, ProductionCoordinatorCD.labellerJobOut_o
DEBUG : initialized ProductionCoordinatorCD.labellerReportIn_in, LabelerShimCD.reportOut_o
DEBUG : initialized LabelerShimCD.ackIn_in, ProductionCoordinatorCD.labellerAckOut_o
DEBUG : initialized UnloaderShimCD.commandIn_in, ProductionCoordinatorCD.unloaderJobOut_o
DEBUG : initialized ProductionCoordinatorCD.unloaderReportIn_in, UnloaderShimCD.reportOut_o
DEBUG : initialized UnloaderShimCD.ackIn_in, ProductionCoordinatorCD.unloaderAckOut_o
DEBUG : initialized BottleLoaderPlant.load_in, BottleLoaderController.load_o
DEBUG : initialized BottleLoaderPlant.retract_in, BottleLoaderController.retract_o
DEBUG : initialized BottleLoaderController.bottleAvailable_in, BottleLoaderPlant.bottleAvailable_o
DEBUG : initialized BottleLoaderController.placed_in, BottleLoaderPlant.placed_o
DEBUG : initialized BottleLoaderController.armHome_in, BottleLoaderPlant.armHome_o
DEBUG : initialized ConveyorPlant.motorRun_in, ConveyorController.motorRun_o
DEBUG : initialized ConveyorController.photoEye_in, ConveyorPlant.photoEye_o
DEBUG : initialized ConveyorController.bottleLeft_in, ConveyorPlant.bottleLeft_o
DEBUG : initialized TwoLiquidFillerPlant.dose1_in, TwoLiquidFillerController.dose1_o
DEBUG : initialized TwoLiquidFillerPlant.dose2_in, TwoLiquidFillerController.dose2_o
DEBUG : initialized TwoLiquidFillerController.bottlePresent_in, TwoLiquidFillerPlant.bottlePresent_o
DEBUG : initialized TwoLiquidFillerController.dose1Done_in, TwoLiquidFillerPlant.dose1Done_o
DEBUG : initialized TwoLiquidFillerController.dose2Done_in, TwoLiquidFillerPlant.dose2Done_o
DEBUG : initialized TwoLiquidFillerController.overflow_in, TwoLiquidFillerPlant.overflow_o
DEBUG : initialized TwoLiquidFillerController.currentAmountA_in, TwoLiquidFillerPlant.currentAmountA_o
DEBUG : initialized TwoLiquidFillerController.currentAmountB_in, TwoLiquidFillerPlant.currentAmountB_o
DEBUG : initialized LidLoaderControllerCD.jobIn_in, LidLoaderShimCD.deviceJobOut_o
DEBUG : initialized LidLoaderShimCD.deviceReportIn_in, LidLoaderControllerCD.reportOut_o
DEBUG : initialized LidLoaderControllerCD.ackIn_in, LidLoaderShimCD.deviceAckOut_o
DEBUG : initialized LidLoaderControllerCD.controlIn_in, LidLoaderShimCD.deviceControlOut_o
DEBUG : initialized LidLoaderShimCD.deviceControlReplyIn_in, LidLoaderControllerCD.controlReplyOut_o
DEBUG : initialized CapperControllerCD.jobIn_in, CapperShimCD.deviceJobOut_o
DEBUG : initialized CapperShimCD.deviceReportIn_in, CapperControllerCD.reportOut_o
DEBUG : initialized CapperControllerCD.ackIn_in, CapperShimCD.deviceAckOut_o
DEBUG : initialized CapperControllerCD.controlIn_in, CapperShimCD.deviceControlOut_o
DEBUG : initialized CapperShimCD.deviceControlReplyIn_in, CapperControllerCD.controlReplyOut_o
DEBUG : initialized LabelerControllerCD.jobIn_in, LabelerShimCD.deviceJobOut_o
DEBUG : initialized LabelerShimCD.deviceReportIn_in, LabelerControllerCD.reportOut_o
DEBUG : initialized LabelerControllerCD.ackIn_in, LabelerShimCD.deviceAckOut_o
DEBUG : initialized LabelerControllerCD.controlIn_in, LabelerShimCD.deviceControlOut_o
DEBUG : initialized LabelerShimCD.deviceControlReplyIn_in, LabelerControllerCD.controlReplyOut_o
DEBUG : initialized UnloaderControllerCD.jobIn_in, UnloaderShimCD.deviceJobOut_o
DEBUG : initialized UnloaderShimCD.deviceReportIn_in, UnloaderControllerCD.reportOut_o
DEBUG : initialized UnloaderControllerCD.ackIn_in, UnloaderShimCD.deviceAckOut_o
DEBUG : initialized UnloaderControllerCD.controlIn_in, UnloaderShimCD.deviceControlOut_o
DEBUG : initialized UnloaderShimCD.deviceControlReplyIn_in, UnloaderControllerCD.controlReplyOut_o
DEBUG : initialized RotaryTablePlant.rotate_in, RotaryTableController.rotate_o
DEBUG : initialized RotaryTableController.aligned_in, RotaryTablePlant.aligned_o
DEBUG : initialized LidLoaderPlantCD.commandIn_in, LidLoaderControllerCD.plantCommandOut_o
DEBUG : initialized LidLoaderControllerCD.plantEvidenceIn_in, LidLoaderPlantCD.evidenceOut_o
DEBUG : initialized CapperPlantCD.commandIn_in, CapperControllerCD.plantCommandOut_o
DEBUG : initialized CapperControllerCD.plantEvidenceIn_in, CapperPlantCD.evidenceOut_o
DEBUG : initialized LabelerPlantCD.commandIn_in, LabelerControllerCD.plantCommandOut_o
DEBUG : initialized LabelerControllerCD.plantEvidenceIn_in, LabelerPlantCD.evidenceOut_o
DEBUG : initialized UnloaderPlantCD.commandIn_in, UnloaderControllerCD.plantCommandOut_o
DEBUG : initialized UnloaderControllerCD.plantEvidenceIn_in, UnloaderPlantCD.evidenceOut_o
AVAILABILITY FAST HARNESS: B2 only
[SafetyMonitor] Commands: 'hazard' (simulate human presence / out-of-range sensor), 'clear' (simulate condition back to normal), 'reset' (operator acknowledgement to resume).
FLAT SHIM SIMULATION: LID assumes preconditions, grants boot permit, and auto-repairs safe simulated faults; no bottle retry
FLAT SHIM SIMULATION: CAPPER assumes preconditions, grants boot permit, and auto-repairs safe simulated faults; no bottle retry
FLAT SHIM SIMULATION: LABELLER assumes preconditions, grants boot permit, and auto-repairs safe simulated faults; no bottle retry
FLAT SHIM SIMULATION: UNLOADER assumes preconditions, grants boot permit, and auto-repairs safe simulated faults; no bottle retry
COORDINATOR ACTIVATE B2 quantity=2 doses=35/65
EXPERIMENT ARMED batch=B2 target=BATCH injectMode=EVENT injectEvent=CONVEYOR_DONE injectOccurrence=1 afterEventMs=0 durationMs=500
START received for WP-B2-1
Plant: LOAD received
Plant: bottle placed
Plant: RETRACT received
Plant: arm home
START received for WP-B2-1
Plant: MOTOR Run received
Plant: bottle reached photo eye
Bottle detected by photo eye
Plant: bottle left conveyor
Plant: MOTOR OFF received
EXPERIMENT EVENT name=CONVEYOR_DONE occurrence=1 missionElapsedMs=2058.6715
EXPERIMENT HALT_START target=BATCH mode=EVENT event=CONVEYOR_DONE occurrence=1 missionElapsedMs=2058.6715 afterMatchedEventMs=0.0 haltStartLocalTick=1374 requestedDurationMs=500
TRACE WAIT_ALIGNMENT_ENTER rotation=1 ns=456287618839100 deadlineNs=456302618839100
TRACE ROTATE_TRIGGER_EMITTED rotation=1 ns=456287619077900
TRACE ROTARY_CONTROLLER_RECEIVED rotation=1 ns=456287624960900
TRACE ROTARY_PLANT_RECEIVED rotation=1 value=true ns=456287625285600
TRACE ROTATE_COMMAND_SENT rotation=1 ns=456287626892900
EXPERIMENT HALT_END target=BATCH actualDownMs=500.1714 haltEndLocalTick=1715 localTicksDuringHalt=340
TRACE ROTARY_PLANT_ROTATION_COMPLETE rotation=1 ns=456288125281000
TRACE CONTROLLER_ALIGNED_RECEIVED rotation=1 value=true ns=456288126137500
TRACE TABLE_ALIGNED_EMITTED rotation=1 ns=456288126239500
TRACE ROTARY_PLANT_ALIGNED_SENT rotation=1 ns=456288126667500
TRACE TABLE_ALIGNED_OBSERVED rotation=1 ns=456288129517400
TRACE MODEL_ALIGNED_COMMITTED rotation=1 ns=456288129686200
TRACE MODEL_ALIGNED_RETURNED rotation=1 fault= ns=456288129739700
START received for WP-B2-2
START received for WP-B2-1
Plant: LOAD received
Plant: liquid 1 filled
Plant: bottle placed
Plant: RETRACT received
Plant: liquid 2 filled
Plant: arm home
START received for WP-B2-2
Plant: MOTOR Run received
Plant: bottle reached photo eye
Bottle detected by photo eye
Plant: bottle left conveyor
Plant: MOTOR OFF received
EXPERIMENT EVENT name=CONVEYOR_DONE occurrence=2 missionElapsedMs=4618.067
TRACE WAIT_ALIGNMENT_ENTER rotation=2 ns=456290178113800 deadlineNs=456305178113800
TRACE ROTATE_TRIGGER_EMITTED rotation=2 ns=456290178297700
TRACE ROTARY_CONTROLLER_RECEIVED rotation=2 ns=456290182181100
TRACE ROTARY_PLANT_RECEIVED rotation=2 value=true ns=456290182272000
TRACE ROTATE_COMMAND_SENT rotation=2 ns=456290183163800
TRACE ROTARY_PLANT_ROTATION_COMPLETE rotation=2 ns=456290682960700
TRACE CONTROLLER_ALIGNED_RECEIVED rotation=2 value=true ns=456290683961100
TRACE TABLE_ALIGNED_EMITTED rotation=2 ns=456290683992300
TRACE ROTARY_PLANT_ALIGNED_SENT rotation=2 ns=456290684373500
TRACE TABLE_ALIGNED_OBSERVED rotation=2 ns=456290688982600
TRACE MODEL_ALIGNED_COMMITTED rotation=2 ns=456290689311400
TRACE MODEL_ALIGNED_RETURNED rotation=2 fault= ns=456290689354000
START received for WP-B2-2
Plant: liquid 1 filled
Plant: liquid 2 filled
TRACE WAIT_ALIGNMENT_ENTER rotation=3 ns=456291722780100 deadlineNs=456306722780100
TRACE ROTATE_TRIGGER_EMITTED rotation=3 ns=456291722951400
TRACE ROTARY_CONTROLLER_RECEIVED rotation=3 ns=456291727800700
TRACE ROTARY_PLANT_RECEIVED rotation=3 value=true ns=456291727915600
TRACE ROTATE_COMMAND_SENT rotation=3 ns=456291728800700
TRACE ROTARY_PLANT_ROTATION_COMPLETE rotation=3 ns=456292228147100
TRACE CONTROLLER_ALIGNED_RECEIVED rotation=3 value=true ns=456292230841900
TRACE TABLE_ALIGNED_EMITTED rotation=3 ns=456292230884300
TRACE ROTARY_PLANT_ALIGNED_SENT rotation=3 ns=456292231097800
TRACE TABLE_ALIGNED_OBSERVED rotation=3 ns=456292235364100
TRACE MODEL_ALIGNED_COMMITTED rotation=3 ns=456292235578500
TRACE MODEL_ALIGNED_RETURNED rotation=3 fault= ns=456292235617100
TRACE WAIT_ALIGNMENT_ENTER rotation=4 ns=456292328494400 deadlineNs=456307328494400
TRACE ROTATE_TRIGGER_EMITTED rotation=4 ns=456292328580000
TRACE ROTARY_CONTROLLER_RECEIVED rotation=4 ns=456292333532500
TRACE ROTARY_PLANT_RECEIVED rotation=4 value=true ns=456292333597300
TRACE ROTATE_COMMAND_SENT rotation=4 ns=456292335555200
TRACE ROTARY_PLANT_ROTATION_COMPLETE rotation=4 ns=456292834412900
TRACE CONTROLLER_ALIGNED_RECEIVED rotation=4 value=true ns=456292835436700
TRACE TABLE_ALIGNED_EMITTED rotation=4 ns=456292835492600
TRACE ROTARY_PLANT_ALIGNED_SENT rotation=4 ns=456292835813300
TRACE TABLE_ALIGNED_OBSERVED rotation=4 ns=456292839896600
TRACE MODEL_ALIGNED_COMMITTED rotation=4 ns=456292840059400
TRACE MODEL_ALIGNED_RETURNED rotation=4 fault= ns=456292840094300
START received for WP-B2-1
Plant: MOTOR Run received
Plant: bottle reached photo eye
Bottle detected by photo eye
Plant: bottle left conveyor
Plant: MOTOR OFF received
EXPERIMENT EVENT name=CONVEYOR_DONE occurrence=3 missionElapsedMs=8393.6775
TRACE WAIT_ALIGNMENT_ENTER rotation=5 ns=456293952767200 deadlineNs=456308952767200
TRACE ROTATE_TRIGGER_EMITTED rotation=5 ns=456293952859100
TRACE ROTARY_CONTROLLER_RECEIVED rotation=5 ns=456293956896100
TRACE ROTARY_PLANT_RECEIVED rotation=5 value=true ns=456293956994600
TRACE ROTATE_COMMAND_SENT rotation=5 ns=456293957916400
TRACE ROTARY_PLANT_ROTATION_COMPLETE rotation=5 ns=456294457682800
TRACE CONTROLLER_ALIGNED_RECEIVED rotation=5 value=true ns=456294458768400
TRACE TABLE_ALIGNED_EMITTED rotation=5 ns=456294458888300
TRACE ROTARY_PLANT_ALIGNED_SENT rotation=5 ns=456294459343100
TRACE TABLE_ALIGNED_OBSERVED rotation=5 ns=456294462680600
TRACE MODEL_ALIGNED_COMMITTED rotation=5 ns=456294462848600
TRACE MODEL_ALIGNED_RETURNED rotation=5 fault= ns=456294462902100
START received for WP-B2-2
Plant: MOTOR Run received
Plant: bottle reached photo eye
Bottle detected by photo eye
Plant: bottle left conveyor
Plant: MOTOR OFF received
EXPERIMENT EVENT name=CONVEYOR_DONE occurrence=4 missionElapsedMs=9996.9683
COORDINATOR COMPLETED WP-B2-1 1/2
COORDINATOR COMPLETED WP-B2-2 2/2
COORDINATOR DRAINED B2 rotations=5
COORDINATOR DRAINED B2
EXPERIMENT_RESULT batch=B2 terminalStatus=DRAINED faultReason=NONE target=BATCH injectMode=EVENT injectEvent=CONVEYOR_DONE injectOccurrence=1 afterEventMs=0 eventMatched=true matchedEventOccurrence=1 eventMatchMissionMs=2058.6715 requestedDurationMs=500 haltTriggered=true haltRecovered=true haltStartAfterEventMs=0.0 haltStartLocalTick=1374 haltEndLocalTick=1715 localTicksDuringHalt=340 actualDownMs=500.1714 missionMs=10185.9717 coordinatorElapsedTicks=0 batchElapsedTicks=6806 productionElapsedTicks=6806 safetyElapsedTicks=6806
AVAILABILITY FAST HARNESS PASSED: 2 bottles, recipe 35/65
