DEBUG : initialized BatchCoordinatorCD.activateBatchIn_in, CoordinatorBatchHarnessCD.activateBatchOut_o
DEBUG : initialized CoordinatorBatchHarnessCD.batchResultIn_in, BatchCoordinatorCD.batchDrainedOut_o
DEBUG : initialized ProductionCoordinatorCD.batchIn_in, BatchCoordinatorCD.productionBatchOut_o
DEBUG : initialized BatchCoordinatorCD.productionEventIn_in, ProductionCoordinatorCD.batchEventOut_o
DEBUG : initialized BatchCoordinatorCD.safetyResetIn_in, SafetyCoordinatorCD.batchSafetyResetOut_o
DEBUG : initialized ProductionCoordinatorCD.safetyHoldIn_in, SafetyCoordinatorCD.productionSafetyHoldOut_o
DEBUG : initialized ProductionCoordinatorCD.safetyResetIn_in, SafetyCoordinatorCD.productionSafetyResetOut_o
DEBUG : initialized SafetyCoordinatorCD.productionSafetyResetDoneIn_in, ProductionCoordinatorCD.safetyResetDoneOut_o
DEBUG : initialized BottleLoaderController.commandIn_in, ProductionCoordinatorCD.loaderJobOut_o
DEBUG : initialized ProductionCoordinatorCD.loaderReportIn_in, BottleLoaderController.reportOut_o
DEBUG : initialized BottleLoaderController.ackIn_in, ProductionCoordinatorCD.loaderAckOut_o
DEBUG : initialized ConveyorController.commandIn_in, ProductionCoordinatorCD.conveyorJobOut_o
DEBUG : initialized ProductionCoordinatorCD.conveyorReportIn_in, ConveyorController.reportOut_o
DEBUG : initialized ConveyorController.ackIn_in, ProductionCoordinatorCD.conveyorAckOut_o
DEBUG : initialized TwoLiquidFillerController.commandIn_in, ProductionCoordinatorCD.fillerJobOut_o
DEBUG : initialized ProductionCoordinatorCD.fillerReportIn_in, TwoLiquidFillerController.reportOut_o
DEBUG : initialized TwoLiquidFillerController.ackIn_in, ProductionCoordinatorCD.fillerAckOut_o
DEBUG : initialized LidLoaderShimCD.commandIn_in, ProductionCoordinatorCD.lidJobOut_o
DEBUG : initialized ProductionCoordinatorCD.lidReportIn_in, LidLoaderShimCD.reportOut_o
DEBUG : initialized LidLoaderShimCD.ackIn_in, ProductionCoordinatorCD.lidAckOut_o
DEBUG : initialized CapperShimCD.commandIn_in, ProductionCoordinatorCD.capperJobOut_o
DEBUG : initialized ProductionCoordinatorCD.capperReportIn_in, CapperShimCD.reportOut_o
DEBUG : initialized CapperShimCD.ackIn_in, ProductionCoordinatorCD.capperAckOut_o
DEBUG : initialized LabelerShimCD.commandIn_in, ProductionCoordinatorCD.labellerJobOut_o
DEBUG : initialized ProductionCoordinatorCD.labellerReportIn_in, LabelerShimCD.reportOut_o
DEBUG : initialized LabelerShimCD.ackIn_in, ProductionCoordinatorCD.labellerAckOut_o
DEBUG : initialized UnloaderShimCD.commandIn_in, ProductionCoordinatorCD.unloaderJobOut_o
DEBUG : initialized ProductionCoordinatorCD.unloaderReportIn_in, UnloaderShimCD.reportOut_o
DEBUG : initialized UnloaderShimCD.ackIn_in, ProductionCoordinatorCD.unloaderAckOut_o
DEBUG : initialized BottleLoaderPlant.load_in, BottleLoaderController.load_o
DEBUG : initialized BottleLoaderPlant.retract_in, BottleLoaderController.retract_o
DEBUG : initialized BottleLoaderController.bottleAvailable_in, BottleLoaderPlant.bottleAvailable_o
DEBUG : initialized BottleLoaderController.placed_in, BottleLoaderPlant.placed_o
DEBUG : initialized BottleLoaderController.armHome_in, BottleLoaderPlant.armHome_o
DEBUG : initialized ConveyorPlant.motorRun_in, ConveyorController.motorRun_o
DEBUG : initialized ConveyorController.photoEye_in, ConveyorPlant.photoEye_o
DEBUG : initialized ConveyorController.bottleLeft_in, ConveyorPlant.bottleLeft_o
DEBUG : initialized TwoLiquidFillerPlant.dose1_in, TwoLiquidFillerController.dose1_o
DEBUG : initialized TwoLiquidFillerPlant.dose2_in, TwoLiquidFillerController.dose2_o
DEBUG : initialized TwoLiquidFillerController.bottlePresent_in, TwoLiquidFillerPlant.bottlePresent_o
DEBUG : initialized TwoLiquidFillerController.dose1Done_in, TwoLiquidFillerPlant.dose1Done_o
DEBUG : initialized TwoLiquidFillerController.dose2Done_in, TwoLiquidFillerPlant.dose2Done_o
DEBUG : initialized TwoLiquidFillerController.overflow_in, TwoLiquidFillerPlant.overflow_o
DEBUG : initialized TwoLiquidFillerController.currentAmountA_in, TwoLiquidFillerPlant.currentAmountA_o
DEBUG : initialized TwoLiquidFillerController.currentAmountB_in, TwoLiquidFillerPlant.currentAmountB_o
DEBUG : initialized LidLoaderControllerCD.jobIn_in, LidLoaderShimCD.deviceJobOut_o
DEBUG : initialized LidLoaderShimCD.deviceReportIn_in, LidLoaderControllerCD.reportOut_o
DEBUG : initialized LidLoaderControllerCD.ackIn_in, LidLoaderShimCD.deviceAckOut_o
DEBUG : initialized LidLoaderControllerCD.controlIn_in, LidLoaderShimCD.deviceControlOut_o
DEBUG : initialized LidLoaderShimCD.deviceControlReplyIn_in, LidLoaderControllerCD.controlReplyOut_o
DEBUG : initialized CapperControllerCD.jobIn_in, CapperShimCD.deviceJobOut_o
DEBUG : initialized CapperShimCD.deviceReportIn_in, CapperControllerCD.reportOut_o
DEBUG : initialized CapperControllerCD.ackIn_in, CapperShimCD.deviceAckOut_o
DEBUG : initialized CapperControllerCD.controlIn_in, CapperShimCD.deviceControlOut_o
DEBUG : initialized CapperShimCD.deviceControlReplyIn_in, CapperControllerCD.controlReplyOut_o
DEBUG : initialized LabelerControllerCD.jobIn_in, LabelerShimCD.deviceJobOut_o
DEBUG : initialized LabelerShimCD.deviceReportIn_in, LabelerControllerCD.reportOut_o
DEBUG : initialized LabelerControllerCD.ackIn_in, LabelerShimCD.deviceAckOut_o
DEBUG : initialized LabelerControllerCD.controlIn_in, LabelerShimCD.deviceControlOut_o
DEBUG : initialized LabelerShimCD.deviceControlReplyIn_in, LabelerControllerCD.controlReplyOut_o
DEBUG : initialized UnloaderControllerCD.jobIn_in, UnloaderShimCD.deviceJobOut_o
DEBUG : initialized UnloaderShimCD.deviceReportIn_in, UnloaderControllerCD.reportOut_o
DEBUG : initialized UnloaderControllerCD.ackIn_in, UnloaderShimCD.deviceAckOut_o
DEBUG : initialized UnloaderControllerCD.controlIn_in, UnloaderShimCD.deviceControlOut_o
DEBUG : initialized UnloaderShimCD.deviceControlReplyIn_in, UnloaderControllerCD.controlReplyOut_o
DEBUG : initialized RotaryTablePlant.rotate_in, RotaryTableController.rotate_o
DEBUG : initialized RotaryTableController.aligned_in, RotaryTablePlant.aligned_o
DEBUG : initialized LidLoaderPlantCD.commandIn_in, LidLoaderControllerCD.plantCommandOut_o
DEBUG : initialized LidLoaderControllerCD.plantEvidenceIn_in, LidLoaderPlantCD.evidenceOut_o
DEBUG : initialized CapperPlantCD.commandIn_in, CapperControllerCD.plantCommandOut_o
DEBUG : initialized CapperControllerCD.plantEvidenceIn_in, CapperPlantCD.evidenceOut_o
DEBUG : initialized LabelerPlantCD.commandIn_in, LabelerControllerCD.plantCommandOut_o
DEBUG : initialized LabelerControllerCD.plantEvidenceIn_in, LabelerPlantCD.evidenceOut_o
DEBUG : initialized UnloaderPlantCD.commandIn_in, UnloaderControllerCD.plantCommandOut_o
DEBUG : initialized UnloaderControllerCD.plantEvidenceIn_in, UnloaderPlantCD.evidenceOut_o
AVAILABILITY FAST HARNESS: B2 only
[SafetyMonitor] Commands: 'hazard' (simulate human presence / out-of-range sensor), 'clear' (simulate condition back to normal), 'reset' (operator acknowledgement to resume).
FLAT SHIM SIMULATION: LID assumes preconditions, grants boot permit, and auto-repairs safe simulated faults; no bottle retry
FLAT SHIM SIMULATION: CAPPER assumes preconditions, grants boot permit, and auto-repairs safe simulated faults; no bottle retry
FLAT SHIM SIMULATION: LABELLER assumes preconditions, grants boot permit, and auto-repairs safe simulated faults; no bottle retry
FLAT SHIM SIMULATION: UNLOADER assumes preconditions, grants boot permit, and auto-repairs safe simulated faults; no bottle retry
COORDINATOR ACTIVATE B2 quantity=2 doses=35/65
EXPERIMENT ARMED batch=B2 target=BATCH injectMode=EVENT injectEvent=CONVEYOR_DONE injectOccurrence=1 afterEventMs=0 durationMs=500
START received for WP-B2-1
Plant: LOAD received
Plant: bottle placed
Plant: RETRACT received
Plant: arm home
START received for WP-B2-1
Plant: MOTOR Run received
Plant: bottle reached photo eye
Bottle detected by photo eye
Plant: bottle left conveyor
Plant: MOTOR OFF received
EXPERIMENT EVENT name=CONVEYOR_DONE occurrence=1 missionElapsedMs=2059.7776
EXPERIMENT HALT_START target=BATCH mode=EVENT event=CONVEYOR_DONE occurrence=1 missionElapsedMs=2059.7776 afterMatchedEventMs=0.0 haltStartLocalTick=1356 requestedDurationMs=500
TRACE WAIT_ALIGNMENT_ENTER rotation=1 ns=456531154884700 deadlineNs=456546154884700
TRACE ROTATE_TRIGGER_EMITTED rotation=1 ns=456531155112700
TRACE ROTARY_CONTROLLER_RECEIVED rotation=1 ns=456531160997100
TRACE ROTARY_PLANT_RECEIVED rotation=1 value=true ns=456531161319900
TRACE ROTATE_COMMAND_SENT rotation=1 ns=456531161945600
EXPERIMENT HALT_END target=BATCH actualDownMs=500.9468 haltEndLocalTick=1690 localTicksDuringHalt=333
TRACE ROTARY_PLANT_ROTATION_COMPLETE rotation=1 ns=456531660965500
TRACE CONTROLLER_ALIGNED_RECEIVED rotation=1 value=true ns=456531661923900
TRACE TABLE_ALIGNED_EMITTED rotation=1 ns=456531662070700
TRACE ROTARY_PLANT_ALIGNED_SENT rotation=1 ns=456531662673900
TRACE TABLE_ALIGNED_OBSERVED rotation=1 ns=456531665850300
TRACE MODEL_ALIGNED_COMMITTED rotation=1 ns=456531666061300
TRACE MODEL_ALIGNED_RETURNED rotation=1 fault= ns=456531666145000
START received for WP-B2-2
START received for WP-B2-1
Plant: LOAD received
Plant: liquid 1 filled
Plant: bottle placed
Plant: RETRACT received
Plant: liquid 2 filled
Plant: arm home
START received for WP-B2-2
Plant: MOTOR Run received
Plant: bottle reached photo eye
Bottle detected by photo eye
Plant: bottle left conveyor
Plant: MOTOR OFF received
EXPERIMENT EVENT name=CONVEYOR_DONE occurrence=2 missionElapsedMs=4630.6014
TRACE WAIT_ALIGNMENT_ENTER rotation=2 ns=456533724499200 deadlineNs=456548724499200
TRACE ROTATE_TRIGGER_EMITTED rotation=2 ns=456533724830800
TRACE ROTARY_CONTROLLER_RECEIVED rotation=2 ns=456533729508900
TRACE ROTARY_PLANT_RECEIVED rotation=2 value=true ns=456533729596600
TRACE ROTATE_COMMAND_SENT rotation=2 ns=456533730534100
TRACE ROTARY_PLANT_ROTATION_COMPLETE rotation=2 ns=456534229077600
TRACE CONTROLLER_ALIGNED_RECEIVED rotation=2 value=true ns=456534229887100
TRACE TABLE_ALIGNED_EMITTED rotation=2 ns=456534229924800
TRACE ROTARY_PLANT_ALIGNED_SENT rotation=2 ns=456534230220500
TRACE TABLE_ALIGNED_OBSERVED rotation=2 ns=456534233878700
TRACE MODEL_ALIGNED_COMMITTED rotation=2 ns=456534234045600
TRACE MODEL_ALIGNED_RETURNED rotation=2 fault= ns=456534234079900
START received for WP-B2-2
Plant: liquid 1 filled
Plant: liquid 2 filled
TRACE WAIT_ALIGNMENT_ENTER rotation=3 ns=456535267272700 deadlineNs=456550267272700
TRACE ROTATE_TRIGGER_EMITTED rotation=3 ns=456535267374600
TRACE ROTARY_CONTROLLER_RECEIVED rotation=3 ns=456535271773400
TRACE ROTARY_PLANT_RECEIVED rotation=3 value=true ns=456535271902500
TRACE ROTATE_COMMAND_SENT rotation=3 ns=456535272769800
TRACE ROTARY_PLANT_ROTATION_COMPLETE rotation=3 ns=456535771852000
TRACE CONTROLLER_ALIGNED_RECEIVED rotation=3 value=true ns=456535773860100
TRACE TABLE_ALIGNED_EMITTED rotation=3 ns=456535773912100
TRACE ROTARY_PLANT_ALIGNED_SENT rotation=3 ns=456535774345800
TRACE TABLE_ALIGNED_OBSERVED rotation=3 ns=456535777828200
TRACE MODEL_ALIGNED_COMMITTED rotation=3 ns=456535778027200
TRACE MODEL_ALIGNED_RETURNED rotation=3 fault= ns=456535778065500
TRACE WAIT_ALIGNMENT_ENTER rotation=4 ns=456535874967300 deadlineNs=456550874967300
TRACE ROTATE_TRIGGER_EMITTED rotation=4 ns=456535875054900
TRACE TABLE_ALIGNMENT_TIMEOUT rotation=4 ns=456550876546000 deadlineNs=456550874967300
COORDINATOR HOLD TABLE_ALIGNMENT_TIMEOUT
COORDINATOR HOLD TABLE_ALIGNMENT_TIMEOUT
EXPERIMENT_RESULT batch=B2 terminalStatus=FAULT faultReason=TABLE_ALIGNMENT_TIMEOUT target=BATCH injectMode=EVENT injectEvent=CONVEYOR_DONE injectOccurrence=1 afterEventMs=0 eventMatched=true matchedEventOccurrence=1 eventMatchMissionMs=2059.7776 requestedDurationMs=500 haltTriggered=true haltRecovered=true haltStartAfterEventMs=0.0 haltStartLocalTick=1356 haltEndLocalTick=1690 localTicksDuringHalt=333 actualDownMs=500.9468 missionMs=21790.5462 coordinatorElapsedTicks=0 batchElapsedTicks=14325 productionElapsedTicks=14325 safetyElapsedTicks=14325
java.lang.IllegalStateException: FAULT|B2|TABLE_ALIGNMENT_TIMEOUT
	at CoordinatorBatchHarnessCD.runClockDomain(CoordinatorBatchHarnessCD.java:610)
	at CoordinatorBatchHarnessCD.run(CoordinatorBatchHarnessCD.java:2892)
	at com.systemj.Scheduler.tick(Scheduler.java:27)
	at com.systemj.CyclicScheduler.run(CyclicScheduler.java:25)
	at com.systemj.SystemJProgram.startProgram(SystemJProgram.java:49)
	at com.systemj.SystemJRunner.main(SystemJRunner.java:137)
