DEBUG : initialized BatchCoordinatorCD.activateBatchIn_in, CoordinatorBatchHarnessCD.activateBatchOut_o
DEBUG : initialized CoordinatorBatchHarnessCD.batchResultIn_in, BatchCoordinatorCD.batchDrainedOut_o
DEBUG : initialized ProductionCoordinatorCD.batchIn_in, BatchCoordinatorCD.productionBatchOut_o
DEBUG : initialized BatchCoordinatorCD.productionEventIn_in, ProductionCoordinatorCD.batchEventOut_o
DEBUG : initialized BatchCoordinatorCD.safetyResetIn_in, SafetyCoordinatorCD.batchSafetyResetOut_o
DEBUG : initialized ProductionCoordinatorCD.safetyHoldIn_in, SafetyCoordinatorCD.productionSafetyHoldOut_o
DEBUG : initialized ProductionCoordinatorCD.safetyResetIn_in, SafetyCoordinatorCD.productionSafetyResetOut_o
DEBUG : initialized SafetyCoordinatorCD.productionSafetyResetDoneIn_in, ProductionCoordinatorCD.safetyResetDoneOut_o
DEBUG : initialized BottleLoaderController.commandIn_in, ProductionCoordinatorCD.loaderJobOut_o
DEBUG : initialized ProductionCoordinatorCD.loaderReportIn_in, BottleLoaderController.reportOut_o
DEBUG : initialized BottleLoaderController.ackIn_in, ProductionCoordinatorCD.loaderAckOut_o
DEBUG : initialized ConveyorController.commandIn_in, ProductionCoordinatorCD.conveyorJobOut_o
DEBUG : initialized ProductionCoordinatorCD.conveyorReportIn_in, ConveyorController.reportOut_o
DEBUG : initialized ConveyorController.ackIn_in, ProductionCoordinatorCD.conveyorAckOut_o
DEBUG : initialized TwoLiquidFillerController.commandIn_in, ProductionCoordinatorCD.fillerJobOut_o
DEBUG : initialized ProductionCoordinatorCD.fillerReportIn_in, TwoLiquidFillerController.reportOut_o
DEBUG : initialized TwoLiquidFillerController.ackIn_in, ProductionCoordinatorCD.fillerAckOut_o
DEBUG : initialized LidLoaderShimCD.commandIn_in, ProductionCoordinatorCD.lidJobOut_o
DEBUG : initialized ProductionCoordinatorCD.lidReportIn_in, LidLoaderShimCD.reportOut_o
DEBUG : initialized LidLoaderShimCD.ackIn_in, ProductionCoordinatorCD.lidAckOut_o
DEBUG : initialized CapperShimCD.commandIn_in, ProductionCoordinatorCD.capperJobOut_o
DEBUG : initialized ProductionCoordinatorCD.capperReportIn_in, CapperShimCD.reportOut_o
DEBUG : initialized CapperShimCD.ackIn_in, ProductionCoordinatorCD.capperAckOut_o
DEBUG : initialized LabelerShimCD.commandIn_in, ProductionCoordinatorCD.labellerJobOut_o
DEBUG : initialized ProductionCoordinatorCD.labellerReportIn_in, LabelerShimCD.reportOut_o
DEBUG : initialized LabelerShimCD.ackIn_in, ProductionCoordinatorCD.labellerAckOut_o
DEBUG : initialized UnloaderShimCD.commandIn_in, ProductionCoordinatorCD.unloaderJobOut_o
DEBUG : initialized ProductionCoordinatorCD.unloaderReportIn_in, UnloaderShimCD.reportOut_o
DEBUG : initialized UnloaderShimCD.ackIn_in, ProductionCoordinatorCD.unloaderAckOut_o
DEBUG : initialized BottleLoaderPlant.load_in, BottleLoaderController.load_o
DEBUG : initialized BottleLoaderPlant.retract_in, BottleLoaderController.retract_o
DEBUG : initialized BottleLoaderController.bottleAvailable_in, BottleLoaderPlant.bottleAvailable_o
DEBUG : initialized BottleLoaderController.placed_in, BottleLoaderPlant.placed_o
DEBUG : initialized BottleLoaderController.armHome_in, BottleLoaderPlant.armHome_o
DEBUG : initialized ConveyorPlant.motorRun_in, ConveyorController.motorRun_o
DEBUG : initialized ConveyorController.photoEye_in, ConveyorPlant.photoEye_o
DEBUG : initialized ConveyorController.bottleLeft_in, ConveyorPlant.bottleLeft_o
DEBUG : initialized TwoLiquidFillerPlant.dose1_in, TwoLiquidFillerController.dose1_o
DEBUG : initialized TwoLiquidFillerPlant.dose2_in, TwoLiquidFillerController.dose2_o
DEBUG : initialized TwoLiquidFillerController.bottlePresent_in, TwoLiquidFillerPlant.bottlePresent_o
DEBUG : initialized TwoLiquidFillerController.dose1Done_in, TwoLiquidFillerPlant.dose1Done_o
DEBUG : initialized TwoLiquidFillerController.dose2Done_in, TwoLiquidFillerPlant.dose2Done_o
DEBUG : initialized TwoLiquidFillerController.overflow_in, TwoLiquidFillerPlant.overflow_o
DEBUG : initialized TwoLiquidFillerController.currentAmountA_in, TwoLiquidFillerPlant.currentAmountA_o
DEBUG : initialized TwoLiquidFillerController.currentAmountB_in, TwoLiquidFillerPlant.currentAmountB_o
DEBUG : initialized LidLoaderControllerCD.jobIn_in, LidLoaderShimCD.deviceJobOut_o
DEBUG : initialized LidLoaderShimCD.deviceReportIn_in, LidLoaderControllerCD.reportOut_o
DEBUG : initialized LidLoaderControllerCD.ackIn_in, LidLoaderShimCD.deviceAckOut_o
DEBUG : initialized LidLoaderControllerCD.controlIn_in, LidLoaderShimCD.deviceControlOut_o
DEBUG : initialized LidLoaderShimCD.deviceControlReplyIn_in, LidLoaderControllerCD.controlReplyOut_o
DEBUG : initialized CapperControllerCD.jobIn_in, CapperShimCD.deviceJobOut_o
DEBUG : initialized CapperShimCD.deviceReportIn_in, CapperControllerCD.reportOut_o
DEBUG : initialized CapperControllerCD.ackIn_in, CapperShimCD.deviceAckOut_o
DEBUG : initialized CapperControllerCD.controlIn_in, CapperShimCD.deviceControlOut_o
DEBUG : initialized CapperShimCD.deviceControlReplyIn_in, CapperControllerCD.controlReplyOut_o
DEBUG : initialized LabelerControllerCD.jobIn_in, LabelerShimCD.deviceJobOut_o
DEBUG : initialized LabelerShimCD.deviceReportIn_in, LabelerControllerCD.reportOut_o
DEBUG : initialized LabelerControllerCD.ackIn_in, LabelerShimCD.deviceAckOut_o
DEBUG : initialized LabelerControllerCD.controlIn_in, LabelerShimCD.deviceControlOut_o
DEBUG : initialized LabelerShimCD.deviceControlReplyIn_in, LabelerControllerCD.controlReplyOut_o
DEBUG : initialized UnloaderControllerCD.jobIn_in, UnloaderShimCD.deviceJobOut_o
DEBUG : initialized UnloaderShimCD.deviceReportIn_in, UnloaderControllerCD.reportOut_o
DEBUG : initialized UnloaderControllerCD.ackIn_in, UnloaderShimCD.deviceAckOut_o
DEBUG : initialized UnloaderControllerCD.controlIn_in, UnloaderShimCD.deviceControlOut_o
DEBUG : initialized UnloaderShimCD.deviceControlReplyIn_in, UnloaderControllerCD.controlReplyOut_o
DEBUG : initialized RotaryTablePlant.rotate_in, RotaryTableController.rotate_o
DEBUG : initialized RotaryTableController.aligned_in, RotaryTablePlant.aligned_o
DEBUG : initialized LidLoaderPlantCD.commandIn_in, LidLoaderControllerCD.plantCommandOut_o
DEBUG : initialized LidLoaderControllerCD.plantEvidenceIn_in, LidLoaderPlantCD.evidenceOut_o
DEBUG : initialized CapperPlantCD.commandIn_in, CapperControllerCD.plantCommandOut_o
DEBUG : initialized CapperControllerCD.plantEvidenceIn_in, CapperPlantCD.evidenceOut_o
DEBUG : initialized LabelerPlantCD.commandIn_in, LabelerControllerCD.plantCommandOut_o
DEBUG : initialized LabelerControllerCD.plantEvidenceIn_in, LabelerPlantCD.evidenceOut_o
DEBUG : initialized UnloaderPlantCD.commandIn_in, UnloaderControllerCD.plantCommandOut_o
DEBUG : initialized UnloaderControllerCD.plantEvidenceIn_in, UnloaderPlantCD.evidenceOut_o
AVAILABILITY FAST HARNESS: B2 only
[SafetyMonitor] Commands: 'hazard' (simulate human presence / out-of-range sensor), 'clear' (simulate condition back to normal), 'reset' (operator acknowledgement to resume).
FLAT SHIM SIMULATION: LID assumes preconditions, grants boot permit, and auto-repairs safe simulated faults; no bottle retry
FLAT SHIM SIMULATION: CAPPER assumes preconditions, grants boot permit, and auto-repairs safe simulated faults; no bottle retry
FLAT SHIM SIMULATION: LABELLER assumes preconditions, grants boot permit, and auto-repairs safe simulated faults; no bottle retry
FLAT SHIM SIMULATION: UNLOADER assumes preconditions, grants boot permit, and auto-repairs safe simulated faults; no bottle retry
COORDINATOR ACTIVATE B2 quantity=2 doses=35/65
EXPERIMENT ARMED batch=B2 target=BATCH injectMode=EVENT injectEvent=CONVEYOR_DONE injectOccurrence=1 afterEventMs=0 durationMs=500
START received for WP-B2-1
Plant: LOAD received
Plant: bottle placed
Plant: RETRACT received
Plant: arm home
START received for WP-B2-1
Plant: MOTOR Run received
Plant: bottle reached photo eye
Bottle detected by photo eye
Plant: bottle left conveyor
Plant: MOTOR OFF received
EXPERIMENT EVENT name=CONVEYOR_DONE occurrence=1 missionElapsedMs=2063.0055
EXPERIMENT HALT_START target=BATCH mode=EVENT event=CONVEYOR_DONE occurrence=1 missionElapsedMs=2063.0055 afterMatchedEventMs=0.0 haltStartLocalTick=1334 requestedDurationMs=500
TRACE WAIT_ALIGNMENT_ENTER rotation=1 ns=497686480941600 deadlineNs=497701480941600
TRACE ROTATE_TRIGGER_EMITTED rotation=1 ns=497686481193500
TRACE ROTARY_CONTROLLER_RECEIVED rotation=1 ns=497686484461300
TRACE ROTARY_PLANT_RECEIVED rotation=1 value=true ns=497686484618000
TRACE ROTATE_COMMAND_SENT rotation=1 ns=497686485430300
EXPERIMENT HALT_END target=BATCH actualDownMs=503.0812 haltEndLocalTick=1575 localTicksDuringHalt=240
TRACE ROTARY_PLANT_ROTATION_COMPLETE rotation=1 ns=497686994583100
TRACE CONTROLLER_ALIGNED_RECEIVED rotation=1 value=true ns=497687010068200
TRACE TABLE_ALIGNED_EMITTED rotation=1 ns=497687010370500
TRACE ROTARY_PLANT_ALIGNED_SENT rotation=1 ns=497687010804100
TRACE TABLE_ALIGNED_OBSERVED rotation=1 ns=497687056824400
TRACE MODEL_ALIGNED_COMMITTED rotation=1 ns=497687057067800
TRACE MODEL_ALIGNED_RETURNED rotation=1 fault= ns=497687057148000
START received for WP-B2-2
START received for WP-B2-1
Plant: LOAD received
Plant: liquid 1 filled
Plant: bottle placed
Plant: RETRACT received
Plant: liquid 2 filled
Plant: arm home
START received for WP-B2-2
Plant: MOTOR Run received
Plant: bottle reached photo eye
Bottle detected by photo eye
Plant: bottle left conveyor
Plant: MOTOR OFF received
EXPERIMENT EVENT name=CONVEYOR_DONE occurrence=2 missionElapsedMs=5150.224
TRACE WAIT_ALIGNMENT_ENTER rotation=2 ns=497689609768100 deadlineNs=497704609768100
TRACE ROTATE_TRIGGER_EMITTED rotation=2 ns=497689609963100
TRACE ROTARY_CONTROLLER_RECEIVED rotation=2 ns=497689657829600
TRACE ROTARY_PLANT_RECEIVED rotation=2 value=true ns=497689657974900
TRACE ROTATE_COMMAND_SENT rotation=2 ns=497689673046100
TRACE ROTARY_PLANT_ROTATION_COMPLETE rotation=2 ns=497690158938200
TRACE CONTROLLER_ALIGNED_RECEIVED rotation=2 value=true ns=497690175007800
TRACE TABLE_ALIGNED_EMITTED rotation=2 ns=497690175115100
TRACE ROTARY_PLANT_ALIGNED_SENT rotation=2 ns=497690175428400
TRACE TABLE_ALIGNED_OBSERVED rotation=2 ns=497690221566800
TRACE MODEL_ALIGNED_COMMITTED rotation=2 ns=497690221850000
TRACE MODEL_ALIGNED_RETURNED rotation=2 fault= ns=497690221887400
START received for WP-B2-2
Plant: liquid 1 filled
Plant: liquid 2 filled
TRACE WAIT_ALIGNMENT_ENTER rotation=3 ns=497691550394900 deadlineNs=497706550394900
TRACE ROTATE_TRIGGER_EMITTED rotation=3 ns=497691550671400
TRACE ROTARY_CONTROLLER_RECEIVED rotation=3 ns=497691597512700
TRACE ROTARY_PLANT_RECEIVED rotation=3 value=true ns=497691597655500
TRACE ROTATE_COMMAND_SENT rotation=3 ns=497691612648600
TRACE ROTARY_PLANT_ROTATION_COMPLETE rotation=3 ns=497692111919000
TRACE CONTROLLER_ALIGNED_RECEIVED rotation=3 value=true ns=497692127877400
TRACE TABLE_ALIGNED_EMITTED rotation=3 ns=497692127986100
TRACE ROTARY_PLANT_ALIGNED_SENT rotation=3 ns=497692128243900
TRACE TABLE_ALIGNED_OBSERVED rotation=3 ns=497692173827600
TRACE MODEL_ALIGNED_COMMITTED rotation=3 ns=497692174057900
TRACE MODEL_ALIGNED_RETURNED rotation=3 fault= ns=497692174085200
TRACE WAIT_ALIGNMENT_ENTER rotation=4 ns=497692785764200 deadlineNs=497707785764200
TRACE ROTATE_TRIGGER_EMITTED rotation=4 ns=497692785897800
TRACE ROTARY_CONTROLLER_RECEIVED rotation=4 ns=497692833359700
TRACE ROTARY_PLANT_RECEIVED rotation=4 value=true ns=497692833460300
TRACE ROTATE_COMMAND_SENT rotation=4 ns=497692848677000
TRACE ROTARY_PLANT_ROTATION_COMPLETE rotation=4 ns=497693333985500
TRACE CONTROLLER_ALIGNED_RECEIVED rotation=4 value=true ns=497693349975800
TRACE TABLE_ALIGNED_EMITTED rotation=4 ns=497693350045100
TRACE ROTARY_PLANT_ALIGNED_SENT rotation=4 ns=497693350384600
TRACE TABLE_ALIGNED_OBSERVED rotation=4 ns=497693397486600
TRACE MODEL_ALIGNED_COMMITTED rotation=4 ns=497693397696300
TRACE MODEL_ALIGNED_RETURNED rotation=4 fault= ns=497693397735000
START received for WP-B2-1
Plant: MOTOR Run received
Plant: bottle reached photo eye
Bottle detected by photo eye
Plant: bottle left conveyor
Plant: MOTOR OFF received
EXPERIMENT EVENT name=CONVEYOR_DONE occurrence=3 missionElapsedMs=10741.4328
TRACE WAIT_ALIGNMENT_ENTER rotation=5 ns=497695217429300 deadlineNs=497710217429300
TRACE ROTATE_TRIGGER_EMITTED rotation=5 ns=497695217622000
TRACE ROTARY_CONTROLLER_RECEIVED rotation=5 ns=497695264571900
TRACE ROTARY_PLANT_RECEIVED rotation=5 value=true ns=497695264737500
TRACE ROTATE_COMMAND_SENT rotation=5 ns=497695280655300
TRACE ROTARY_PLANT_ROTATION_COMPLETE rotation=5 ns=497695765963700
TRACE CONTROLLER_ALIGNED_RECEIVED rotation=5 value=true ns=497695782046200
TRACE TABLE_ALIGNED_EMITTED rotation=5 ns=497695782177100
TRACE ROTARY_PLANT_ALIGNED_SENT rotation=5 ns=497695782657800
TRACE TABLE_ALIGNED_OBSERVED rotation=5 ns=497695830071600
TRACE MODEL_ALIGNED_COMMITTED rotation=5 ns=497695830314400
TRACE MODEL_ALIGNED_RETURNED rotation=5 fault= ns=497695830452300
START received for WP-B2-2
Plant: MOTOR Run received
Plant: bottle reached photo eye
Bottle detected by photo eye
Plant: bottle left conveyor
Plant: MOTOR OFF received
EXPERIMENT EVENT name=CONVEYOR_DONE occurrence=4 missionElapsedMs=13112.9365
COORDINATOR COMPLETED WP-B2-1 1/2
COORDINATOR COMPLETED WP-B2-2 2/2
COORDINATOR DRAINED B2 rotations=5
COORDINATOR DRAINED B2
EXPERIMENT_RESULT batch=B2 terminalStatus=DRAINED faultReason=NONE target=BATCH injectMode=EVENT injectEvent=CONVEYOR_DONE injectOccurrence=1 afterEventMs=0 eventMatched=true matchedEventOccurrence=1 eventMatchMissionMs=2063.0055 requestedDurationMs=500 haltTriggered=true haltRecovered=true haltStartAfterEventMs=0.0 haltStartLocalTick=1334 haltEndLocalTick=1575 localTicksDuringHalt=240 actualDownMs=503.0812 missionMs=14306.4052 coordinatorElapsedTicks=0 batchElapsedTicks=2322 productionElapsedTicks=2322 safetyElapsedTicks=2322
AVAILABILITY FAST HARNESS PASSED: 2 bottles, recipe 35/65
