DEBUG : initialized BatchCoordinatorCD.activateBatchIn_in, CoordinatorBatchHarnessCD.activateBatchOut_o
DEBUG : initialized CoordinatorBatchHarnessCD.batchResultIn_in, BatchCoordinatorCD.batchDrainedOut_o
DEBUG : initialized ProductionCoordinatorCD.batchIn_in, BatchCoordinatorCD.productionBatchOut_o
DEBUG : initialized BatchCoordinatorCD.productionEventIn_in, ProductionCoordinatorCD.batchEventOut_o
DEBUG : initialized BatchCoordinatorCD.safetyResetIn_in, SafetyCoordinatorCD.batchSafetyResetOut_o
DEBUG : initialized ProductionCoordinatorCD.safetyHoldIn_in, SafetyCoordinatorCD.productionSafetyHoldOut_o
DEBUG : initialized ProductionCoordinatorCD.safetyResetIn_in, SafetyCoordinatorCD.productionSafetyResetOut_o
DEBUG : initialized SafetyCoordinatorCD.productionSafetyResetDoneIn_in, ProductionCoordinatorCD.safetyResetDoneOut_o
DEBUG : initialized BottleLoaderController.commandIn_in, ProductionCoordinatorCD.loaderJobOut_o
DEBUG : initialized ProductionCoordinatorCD.loaderReportIn_in, BottleLoaderController.reportOut_o
DEBUG : initialized BottleLoaderController.ackIn_in, ProductionCoordinatorCD.loaderAckOut_o
DEBUG : initialized ConveyorController.commandIn_in, ProductionCoordinatorCD.conveyorJobOut_o
DEBUG : initialized ProductionCoordinatorCD.conveyorReportIn_in, ConveyorController.reportOut_o
DEBUG : initialized ConveyorController.ackIn_in, ProductionCoordinatorCD.conveyorAckOut_o
DEBUG : initialized TwoLiquidFillerController.commandIn_in, ProductionCoordinatorCD.fillerJobOut_o
DEBUG : initialized ProductionCoordinatorCD.fillerReportIn_in, TwoLiquidFillerController.reportOut_o
DEBUG : initialized TwoLiquidFillerController.ackIn_in, ProductionCoordinatorCD.fillerAckOut_o
DEBUG : initialized LidLoaderShimCD.commandIn_in, ProductionCoordinatorCD.lidJobOut_o
DEBUG : initialized ProductionCoordinatorCD.lidReportIn_in, LidLoaderShimCD.reportOut_o
DEBUG : initialized LidLoaderShimCD.ackIn_in, ProductionCoordinatorCD.lidAckOut_o
DEBUG : initialized CapperShimCD.commandIn_in, ProductionCoordinatorCD.capperJobOut_o
DEBUG : initialized ProductionCoordinatorCD.capperReportIn_in, CapperShimCD.reportOut_o
DEBUG : initialized CapperShimCD.ackIn_in, ProductionCoordinatorCD.capperAckOut_o
DEBUG : initialized LabelerShimCD.commandIn_in, ProductionCoordinatorCD.labellerJobOut_o
DEBUG : initialized ProductionCoordinatorCD.labellerReportIn_in, LabelerShimCD.reportOut_o
DEBUG : initialized LabelerShimCD.ackIn_in, ProductionCoordinatorCD.labellerAckOut_o
DEBUG : initialized UnloaderShimCD.commandIn_in, ProductionCoordinatorCD.unloaderJobOut_o
DEBUG : initialized ProductionCoordinatorCD.unloaderReportIn_in, UnloaderShimCD.reportOut_o
DEBUG : initialized UnloaderShimCD.ackIn_in, ProductionCoordinatorCD.unloaderAckOut_o
DEBUG : initialized BottleLoaderPlant.load_in, BottleLoaderController.load_o
DEBUG : initialized BottleLoaderPlant.retract_in, BottleLoaderController.retract_o
DEBUG : initialized BottleLoaderController.bottleAvailable_in, BottleLoaderPlant.bottleAvailable_o
DEBUG : initialized BottleLoaderController.placed_in, BottleLoaderPlant.placed_o
DEBUG : initialized BottleLoaderController.armHome_in, BottleLoaderPlant.armHome_o
DEBUG : initialized ConveyorPlant.motorRun_in, ConveyorController.motorRun_o
DEBUG : initialized ConveyorController.photoEye_in, ConveyorPlant.photoEye_o
DEBUG : initialized ConveyorController.bottleLeft_in, ConveyorPlant.bottleLeft_o
DEBUG : initialized TwoLiquidFillerPlant.dose1_in, TwoLiquidFillerController.dose1_o
DEBUG : initialized TwoLiquidFillerPlant.dose2_in, TwoLiquidFillerController.dose2_o
DEBUG : initialized TwoLiquidFillerController.bottlePresent_in, TwoLiquidFillerPlant.bottlePresent_o
DEBUG : initialized TwoLiquidFillerController.dose1Done_in, TwoLiquidFillerPlant.dose1Done_o
DEBUG : initialized TwoLiquidFillerController.dose2Done_in, TwoLiquidFillerPlant.dose2Done_o
DEBUG : initialized TwoLiquidFillerController.overflow_in, TwoLiquidFillerPlant.overflow_o
DEBUG : initialized TwoLiquidFillerController.currentAmountA_in, TwoLiquidFillerPlant.currentAmountA_o
DEBUG : initialized TwoLiquidFillerController.currentAmountB_in, TwoLiquidFillerPlant.currentAmountB_o
DEBUG : initialized LidLoaderControllerCD.jobIn_in, LidLoaderShimCD.deviceJobOut_o
DEBUG : initialized LidLoaderShimCD.deviceReportIn_in, LidLoaderControllerCD.reportOut_o
DEBUG : initialized LidLoaderControllerCD.ackIn_in, LidLoaderShimCD.deviceAckOut_o
DEBUG : initialized LidLoaderControllerCD.controlIn_in, LidLoaderShimCD.deviceControlOut_o
DEBUG : initialized LidLoaderShimCD.deviceControlReplyIn_in, LidLoaderControllerCD.controlReplyOut_o
DEBUG : initialized CapperControllerCD.jobIn_in, CapperShimCD.deviceJobOut_o
DEBUG : initialized CapperShimCD.deviceReportIn_in, CapperControllerCD.reportOut_o
DEBUG : initialized CapperControllerCD.ackIn_in, CapperShimCD.deviceAckOut_o
DEBUG : initialized CapperControllerCD.controlIn_in, CapperShimCD.deviceControlOut_o
DEBUG : initialized CapperShimCD.deviceControlReplyIn_in, CapperControllerCD.controlReplyOut_o
DEBUG : initialized LabelerControllerCD.jobIn_in, LabelerShimCD.deviceJobOut_o
DEBUG : initialized LabelerShimCD.deviceReportIn_in, LabelerControllerCD.reportOut_o
DEBUG : initialized LabelerControllerCD.ackIn_in, LabelerShimCD.deviceAckOut_o
DEBUG : initialized LabelerControllerCD.controlIn_in, LabelerShimCD.deviceControlOut_o
DEBUG : initialized LabelerShimCD.deviceControlReplyIn_in, LabelerControllerCD.controlReplyOut_o
DEBUG : initialized UnloaderControllerCD.jobIn_in, UnloaderShimCD.deviceJobOut_o
DEBUG : initialized UnloaderShimCD.deviceReportIn_in, UnloaderControllerCD.reportOut_o
DEBUG : initialized UnloaderControllerCD.ackIn_in, UnloaderShimCD.deviceAckOut_o
DEBUG : initialized UnloaderControllerCD.controlIn_in, UnloaderShimCD.deviceControlOut_o
DEBUG : initialized UnloaderShimCD.deviceControlReplyIn_in, UnloaderControllerCD.controlReplyOut_o
DEBUG : initialized RotaryTablePlant.rotate_in, RotaryTableController.rotate_o
DEBUG : initialized RotaryTableController.aligned_in, RotaryTablePlant.aligned_o
DEBUG : initialized LidLoaderPlantCD.commandIn_in, LidLoaderControllerCD.plantCommandOut_o
DEBUG : initialized LidLoaderControllerCD.plantEvidenceIn_in, LidLoaderPlantCD.evidenceOut_o
DEBUG : initialized CapperPlantCD.commandIn_in, CapperControllerCD.plantCommandOut_o
DEBUG : initialized CapperControllerCD.plantEvidenceIn_in, CapperPlantCD.evidenceOut_o
DEBUG : initialized LabelerPlantCD.commandIn_in, LabelerControllerCD.plantCommandOut_o
DEBUG : initialized LabelerControllerCD.plantEvidenceIn_in, LabelerPlantCD.evidenceOut_o
DEBUG : initialized UnloaderPlantCD.commandIn_in, UnloaderControllerCD.plantCommandOut_o
DEBUG : initialized UnloaderControllerCD.plantEvidenceIn_in, UnloaderPlantCD.evidenceOut_o
AVAILABILITY FAST HARNESS: B2 only
[SafetyMonitor] Commands: 'hazard' (simulate human presence / out-of-range sensor), 'clear' (simulate condition back to normal), 'reset' (operator acknowledgement to resume).
FLAT SHIM SIMULATION: LID assumes preconditions, grants boot permit, and auto-repairs safe simulated faults; no bottle retry
FLAT SHIM SIMULATION: CAPPER assumes preconditions, grants boot permit, and auto-repairs safe simulated faults; no bottle retry
FLAT SHIM SIMULATION: LABELLER assumes preconditions, grants boot permit, and auto-repairs safe simulated faults; no bottle retry
FLAT SHIM SIMULATION: UNLOADER assumes preconditions, grants boot permit, and auto-repairs safe simulated faults; no bottle retry
COORDINATOR ACTIVATE B2 quantity=2 doses=35/65
EXPERIMENT ARMED batch=B2 target=ALL3 injectMode=EVENT injectEvent=CONVEYOR_DONE injectOccurrence=1 afterEventMs=0 durationMs=500
START received for WP-B2-1
Plant: LOAD received
Plant: bottle placed
Plant: RETRACT received
Plant: arm home
START received for WP-B2-1
Plant: MOTOR Run received
Plant: bottle reached photo eye
Bottle detected by photo eye
Plant: bottle left conveyor
Plant: MOTOR OFF received
EXPERIMENT EVENT name=CONVEYOR_DONE occurrence=1 missionElapsedMs=2057.7444
EXPERIMENT HALT_START target=ALL3 mode=EVENT event=CONVEYOR_DONE occurrence=1 missionElapsedMs=2057.7444 afterMatchedEventMs=0.0 haltStartLocalTick=1356 requestedDurationMs=500
EXPERIMENT HALT_END target=ALL3 actualDownMs=502.3397 haltEndLocalTick=1594 localTicksDuringHalt=238
TRACE WAIT_ALIGNMENT_ENTER rotation=1 ns=499794445889400 deadlineNs=499809445889400
TRACE ROTATE_TRIGGER_EMITTED rotation=1 ns=499794446194000
TRACE ROTARY_CONTROLLER_RECEIVED rotation=1 ns=499794493057400
TRACE ROTARY_PLANT_RECEIVED rotation=1 value=true ns=499794493353900
TRACE ROTATE_COMMAND_SENT rotation=1 ns=499794509135500
TRACE ROTARY_PLANT_ROTATION_COMPLETE rotation=1 ns=499795007200200
TRACE CONTROLLER_ALIGNED_RECEIVED rotation=1 value=true ns=499795022756900
TRACE TABLE_ALIGNED_EMITTED rotation=1 ns=499795023117900
TRACE ROTARY_PLANT_ALIGNED_SENT rotation=1 ns=499795023757300
TRACE TABLE_ALIGNED_OBSERVED rotation=1 ns=499795069318600
TRACE MODEL_ALIGNED_COMMITTED rotation=1 ns=499795069711200
TRACE MODEL_ALIGNED_RETURNED rotation=1 fault= ns=499795069886200
START received for WP-B2-2
START received for WP-B2-1
Plant: LOAD received
Plant: liquid 1 filled
Plant: bottle placed
Plant: RETRACT received
Plant: liquid 2 filled
Plant: arm home
START received for WP-B2-2
Plant: MOTOR Run received
Plant: bottle reached photo eye
Bottle detected by photo eye
Plant: bottle left conveyor
Plant: MOTOR OFF received
EXPERIMENT EVENT name=CONVEYOR_DONE occurrence=2 missionElapsedMs=5744.0802
TRACE WAIT_ALIGNMENT_ENTER rotation=2 ns=499797645101800 deadlineNs=499812645101800
TRACE ROTATE_TRIGGER_EMITTED rotation=2 ns=499797645376900
TRACE ROTARY_CONTROLLER_RECEIVED rotation=2 ns=499797692057400
TRACE ROTARY_PLANT_RECEIVED rotation=2 value=true ns=499797692421200
TRACE ROTATE_COMMAND_SENT rotation=2 ns=499797707820600
TRACE ROTARY_PLANT_ROTATION_COMPLETE rotation=2 ns=499798191685400
TRACE CONTROLLER_ALIGNED_RECEIVED rotation=2 value=true ns=499798207874800
TRACE TABLE_ALIGNED_EMITTED rotation=2 ns=499798208105800
TRACE ROTARY_PLANT_ALIGNED_SENT rotation=2 ns=499798208759200
TRACE TABLE_ALIGNED_OBSERVED rotation=2 ns=499798254137800
TRACE MODEL_ALIGNED_COMMITTED rotation=2 ns=499798254629800
TRACE MODEL_ALIGNED_RETURNED rotation=2 fault= ns=499798254699900
START received for WP-B2-2
Plant: liquid 1 filled
Plant: liquid 2 filled
TRACE WAIT_ALIGNMENT_ENTER rotation=3 ns=499799597151600 deadlineNs=499814597151600
TRACE ROTATE_TRIGGER_EMITTED rotation=3 ns=499799597288700
TRACE ROTARY_CONTROLLER_RECEIVED rotation=3 ns=499799644217200
TRACE ROTARY_PLANT_RECEIVED rotation=3 value=true ns=499799644426700
TRACE ROTATE_COMMAND_SENT rotation=3 ns=499799659236600
TRACE ROTARY_PLANT_ROTATION_COMPLETE rotation=3 ns=499800144510800
TRACE CONTROLLER_ALIGNED_RECEIVED rotation=3 value=true ns=499800160554500
TRACE TABLE_ALIGNED_EMITTED rotation=3 ns=499800160702400
TRACE ROTARY_PLANT_ALIGNED_SENT rotation=3 ns=499800161090600
TRACE TABLE_ALIGNED_OBSERVED rotation=3 ns=499800208588900
TRACE MODEL_ALIGNED_COMMITTED rotation=3 ns=499800208806700
TRACE MODEL_ALIGNED_RETURNED rotation=3 fault= ns=499800208837200
TRACE WAIT_ALIGNMENT_ENTER rotation=4 ns=499800819900700 deadlineNs=499815819900700
TRACE ROTATE_TRIGGER_EMITTED rotation=4 ns=499800820089300
TRACE ROTARY_CONTROLLER_RECEIVED rotation=4 ns=499800867696300
TRACE ROTARY_PLANT_RECEIVED rotation=4 value=true ns=499800867903800
TRACE ROTATE_COMMAND_SENT rotation=4 ns=499800883809800
TRACE ROTARY_PLANT_ROTATION_COMPLETE rotation=4 ns=499801382539100
TRACE CONTROLLER_ALIGNED_RECEIVED rotation=4 value=true ns=499801398414800
TRACE TABLE_ALIGNED_EMITTED rotation=4 ns=499801398537200
TRACE ROTARY_PLANT_ALIGNED_SENT rotation=4 ns=499801399037200
TRACE TABLE_ALIGNED_OBSERVED rotation=4 ns=499801444592400
TRACE MODEL_ALIGNED_COMMITTED rotation=4 ns=499801444893500
TRACE MODEL_ALIGNED_RETURNED rotation=4 fault= ns=499801444945000
START received for WP-B2-1
Plant: MOTOR Run received
Plant: bottle reached photo eye
Bottle detected by photo eye
Plant: bottle left conveyor
Plant: MOTOR OFF received
EXPERIMENT EVENT name=CONVEYOR_DONE occurrence=3 missionElapsedMs=11372.8895
TRACE WAIT_ALIGNMENT_ENTER rotation=5 ns=499803289554700 deadlineNs=499818289554700
TRACE ROTATE_TRIGGER_EMITTED rotation=5 ns=499803289723900
TRACE ROTARY_CONTROLLER_RECEIVED rotation=5 ns=499803338428200
TRACE ROTARY_PLANT_RECEIVED rotation=5 value=true ns=499803338576000
TRACE ROTATE_COMMAND_SENT rotation=5 ns=499803353879600
TRACE ROTARY_PLANT_ROTATION_COMPLETE rotation=5 ns=499803839307500
TRACE CONTROLLER_ALIGNED_RECEIVED rotation=5 value=true ns=499803855222300
TRACE TABLE_ALIGNED_EMITTED rotation=5 ns=499803855371400
TRACE ROTARY_PLANT_ALIGNED_SENT rotation=5 ns=499803855755300
TRACE TABLE_ALIGNED_OBSERVED rotation=5 ns=499803901489400
TRACE MODEL_ALIGNED_COMMITTED rotation=5 ns=499803901694400
TRACE MODEL_ALIGNED_RETURNED rotation=5 fault= ns=499803901762700
START received for WP-B2-2
Plant: MOTOR Run received
Plant: bottle reached photo eye
Bottle detected by photo eye
Plant: bottle left conveyor
Plant: MOTOR OFF received
EXPERIMENT EVENT name=CONVEYOR_DONE occurrence=4 missionElapsedMs=13743.4193
COORDINATOR COMPLETED WP-B2-1 1/2
COORDINATOR COMPLETED WP-B2-2 2/2
COORDINATOR DRAINED B2 rotations=5
COORDINATOR DRAINED B2
EXPERIMENT_RESULT batch=B2 terminalStatus=DRAINED faultReason=NONE target=ALL3 injectMode=EVENT injectEvent=CONVEYOR_DONE injectOccurrence=1 afterEventMs=0 eventMatched=true matchedEventOccurrence=1 eventMatchMissionMs=2057.7444 requestedDurationMs=500 haltTriggered=true haltRecovered=true haltStartAfterEventMs=0.0 haltStartLocalTick=1356 haltEndLocalTick=1594 localTicksDuringHalt=238 actualDownMs=502.3397 missionMs=14937.4075 coordinatorElapsedTicks=0 batchElapsedTicks=2382 productionElapsedTicks=2382 safetyElapsedTicks=2382
AVAILABILITY FAST HARNESS PASSED: 2 bottles, recipe 35/65
