DEBUG : initialized CoordinatorCD.activateBatchIn_in, CoordinatorBatchHarnessCD.activateBatchOut_o
DEBUG : initialized CoordinatorBatchHarnessCD.batchResultIn_in, CoordinatorCD.batchDrainedOut_o
DEBUG : initialized BottleLoaderController.commandIn_in, CoordinatorCD.loaderJobOut_o
DEBUG : initialized CoordinatorCD.loaderReportIn_in, BottleLoaderController.reportOut_o
DEBUG : initialized BottleLoaderController.ackIn_in, CoordinatorCD.loaderAckOut_o
DEBUG : initialized ConveyorController.commandIn_in, CoordinatorCD.conveyorJobOut_o
DEBUG : initialized CoordinatorCD.conveyorReportIn_in, ConveyorController.reportOut_o
DEBUG : initialized ConveyorController.ackIn_in, CoordinatorCD.conveyorAckOut_o
DEBUG : initialized TwoLiquidFillerController.commandIn_in, CoordinatorCD.fillerJobOut_o
DEBUG : initialized CoordinatorCD.fillerReportIn_in, TwoLiquidFillerController.reportOut_o
DEBUG : initialized TwoLiquidFillerController.ackIn_in, CoordinatorCD.fillerAckOut_o
DEBUG : initialized LidLoaderShimCD.commandIn_in, CoordinatorCD.lidJobOut_o
DEBUG : initialized CoordinatorCD.lidReportIn_in, LidLoaderShimCD.reportOut_o
DEBUG : initialized LidLoaderShimCD.ackIn_in, CoordinatorCD.lidAckOut_o
DEBUG : initialized CapperShimCD.commandIn_in, CoordinatorCD.capperJobOut_o
DEBUG : initialized CoordinatorCD.capperReportIn_in, CapperShimCD.reportOut_o
DEBUG : initialized CapperShimCD.ackIn_in, CoordinatorCD.capperAckOut_o
DEBUG : initialized LabelerShimCD.commandIn_in, CoordinatorCD.labellerJobOut_o
DEBUG : initialized CoordinatorCD.labellerReportIn_in, LabelerShimCD.reportOut_o
DEBUG : initialized LabelerShimCD.ackIn_in, CoordinatorCD.labellerAckOut_o
DEBUG : initialized UnloaderShimCD.commandIn_in, CoordinatorCD.unloaderJobOut_o
DEBUG : initialized CoordinatorCD.unloaderReportIn_in, UnloaderShimCD.reportOut_o
DEBUG : initialized UnloaderShimCD.ackIn_in, CoordinatorCD.unloaderAckOut_o
DEBUG : initialized RotaryTableController.rotationRequestIn_in, CoordinatorCD.rotationRequestOut_o
DEBUG : initialized CoordinatorCD.rotationDoneIn_in, RotaryTableController.rotationDoneOut_o
DEBUG : initialized BottleLoaderPlant.load_in, BottleLoaderController.load_o
DEBUG : initialized BottleLoaderPlant.retract_in, BottleLoaderController.retract_o
DEBUG : initialized BottleLoaderController.bottleAvailable_in, BottleLoaderPlant.bottleAvailable_o
DEBUG : initialized BottleLoaderController.placed_in, BottleLoaderPlant.placed_o
DEBUG : initialized BottleLoaderController.armHome_in, BottleLoaderPlant.armHome_o
DEBUG : initialized ConveyorPlant.motorRun_in, ConveyorController.motorRun_o
DEBUG : initialized ConveyorController.photoEye_in, ConveyorPlant.photoEye_o
DEBUG : initialized ConveyorController.bottleLeft_in, ConveyorPlant.bottleLeft_o
DEBUG : initialized TwoLiquidFillerPlant.dose1_in, TwoLiquidFillerController.dose1_o
DEBUG : initialized TwoLiquidFillerPlant.dose2_in, TwoLiquidFillerController.dose2_o
DEBUG : initialized TwoLiquidFillerController.bottlePresent_in, TwoLiquidFillerPlant.bottlePresent_o
DEBUG : initialized TwoLiquidFillerController.dose1Done_in, TwoLiquidFillerPlant.dose1Done_o
DEBUG : initialized TwoLiquidFillerController.dose2Done_in, TwoLiquidFillerPlant.dose2Done_o
DEBUG : initialized TwoLiquidFillerController.overflow_in, TwoLiquidFillerPlant.overflow_o
DEBUG : initialized TwoLiquidFillerController.currentAmountA_in, TwoLiquidFillerPlant.currentAmountA_o
DEBUG : initialized TwoLiquidFillerController.currentAmountB_in, TwoLiquidFillerPlant.currentAmountB_o
DEBUG : initialized LidLoaderControllerCD.jobIn_in, LidLoaderShimCD.deviceJobOut_o
DEBUG : initialized LidLoaderShimCD.deviceReportIn_in, LidLoaderControllerCD.reportOut_o
DEBUG : initialized LidLoaderControllerCD.ackIn_in, LidLoaderShimCD.deviceAckOut_o
DEBUG : initialized LidLoaderControllerCD.controlIn_in, LidLoaderShimCD.deviceControlOut_o
DEBUG : initialized LidLoaderShimCD.deviceControlReplyIn_in, LidLoaderControllerCD.controlReplyOut_o
DEBUG : initialized CapperControllerCD.jobIn_in, CapperShimCD.deviceJobOut_o
DEBUG : initialized CapperShimCD.deviceReportIn_in, CapperControllerCD.reportOut_o
DEBUG : initialized CapperControllerCD.ackIn_in, CapperShimCD.deviceAckOut_o
DEBUG : initialized CapperControllerCD.controlIn_in, CapperShimCD.deviceControlOut_o
DEBUG : initialized CapperShimCD.deviceControlReplyIn_in, CapperControllerCD.controlReplyOut_o
DEBUG : initialized LabelerControllerCD.jobIn_in, LabelerShimCD.deviceJobOut_o
DEBUG : initialized LabelerShimCD.deviceReportIn_in, LabelerControllerCD.reportOut_o
DEBUG : initialized LabelerControllerCD.ackIn_in, LabelerShimCD.deviceAckOut_o
DEBUG : initialized LabelerControllerCD.controlIn_in, LabelerShimCD.deviceControlOut_o
DEBUG : initialized LabelerShimCD.deviceControlReplyIn_in, LabelerControllerCD.controlReplyOut_o
DEBUG : initialized UnloaderControllerCD.jobIn_in, UnloaderShimCD.deviceJobOut_o
DEBUG : initialized UnloaderShimCD.deviceReportIn_in, UnloaderControllerCD.reportOut_o
DEBUG : initialized UnloaderControllerCD.ackIn_in, UnloaderShimCD.deviceAckOut_o
DEBUG : initialized UnloaderControllerCD.controlIn_in, UnloaderShimCD.deviceControlOut_o
DEBUG : initialized UnloaderShimCD.deviceControlReplyIn_in, UnloaderControllerCD.controlReplyOut_o
DEBUG : initialized RotaryTablePlant.rotate_in, RotaryTableController.rotate_o
DEBUG : initialized RotaryTableController.aligned_in, RotaryTablePlant.aligned_o
DEBUG : initialized LidLoaderPlantCD.commandIn_in, LidLoaderControllerCD.plantCommandOut_o
DEBUG : initialized LidLoaderControllerCD.plantEvidenceIn_in, LidLoaderPlantCD.evidenceOut_o
DEBUG : initialized CapperPlantCD.commandIn_in, CapperControllerCD.plantCommandOut_o
DEBUG : initialized CapperControllerCD.plantEvidenceIn_in, CapperPlantCD.evidenceOut_o
DEBUG : initialized LabelerPlantCD.commandIn_in, LabelerControllerCD.plantCommandOut_o
DEBUG : initialized LabelerControllerCD.plantEvidenceIn_in, LabelerPlantCD.evidenceOut_o
DEBUG : initialized UnloaderPlantCD.commandIn_in, UnloaderControllerCD.plantCommandOut_o
DEBUG : initialized UnloaderControllerCD.plantEvidenceIn_in, UnloaderPlantCD.evidenceOut_o
AVAILABILITY FAST HARNESS: B2 only
FLAT SHIM SIMULATION: LID assumes preconditions, grants boot permit, and auto-repairs safe simulated faults; no bottle retry
FLAT SHIM SIMULATION: CAPPER assumes preconditions, grants boot permit, and auto-repairs safe simulated faults; no bottle retry
FLAT SHIM SIMULATION: LABELLER assumes preconditions, grants boot permit, and auto-repairs safe simulated faults; no bottle retry
FLAT SHIM SIMULATION: UNLOADER assumes preconditions, grants boot permit, and auto-repairs safe simulated faults; no bottle retry
COORDINATOR ACTIVATE B2 quantity=2 doses=35/65
EXPERIMENT ARMED batch=B2 target=COORDINATOR injectMode=EVENT injectEvent=CONVEYOR_DONE injectOccurrence=1 afterEventMs=0 durationMs=500
START received for WP-B2-1
Plant: LOAD received
Plant: bottle placed
Plant: RETRACT received
Plant: arm home
START received for WP-B2-1
Plant: MOTOR Run received
Plant: bottle reached photo eye
Bottle detected by photo eye
Plant: bottle left conveyor
Plant: MOTOR OFF received
EXPERIMENT EVENT name=CONVEYOR_DONE occurrence=1 missionElapsedMs=2062.1841
EXPERIMENT HALT_START target=COORDINATOR mode=EVENT event=CONVEYOR_DONE occurrence=1 missionElapsedMs=2062.1841 afterMatchedEventMs=0.0 haltStartLocalTick=1384 requestedDurationMs=500
EXPERIMENT HALT_END target=COORDINATOR actualDownMs=500.2933 haltEndLocalTick=1732 localTicksDuringHalt=347
TRACE CENTRAL_ROTATION_REQUEST_READY rotation=1 request=ROTATE|1 ns=491102286073000
TRACE ROTATION_REQUEST_RECEIVED request=ROTATE|1 lastCompletedId=0 ns=491102286409800
TRACE ROTATE_COMMAND_READY rotation=1 ns=491102286501600
TRACE ROTARY_PLANT_RECEIVED rotation=1 value=true ns=491102286644900
TRACE CENTRAL_ROTATION_REQUEST_RENDEZVOUS_COMPLETE rotation=1 ns=491102288022300
TRACE ROTATE_COMMAND_RENDEZVOUS_COMPLETE rotation=1 ns=491102288657000
TRACE ROTARY_PLANT_ROTATION_COMPLETE rotation=1 ns=491102788045300
TRACE CONTROLLER_ALIGNED_RECEIVED rotation=1 value=true ns=491102788712900
TRACE ROTARY_PLANT_ALIGNED_SENT rotation=1 ns=491102788815300
TRACE CENTRAL_ROTATION_DONE_RECEIVED rotation=1 message=DONE|1 ns=491102789789700
TRACE CENTRAL_MODEL_ALIGNED_RETURNED rotation=1 ns=491102790216800
TRACE ROTATION_DONE_RENDEZVOUS_COMPLETE rotation=1 ns=491102790422800
START received for WP-B2-2
START received for WP-B2-1
Plant: LOAD received
Plant: liquid 1 filled
Plant: bottle placed
Plant: RETRACT received
Plant: liquid 2 filled
Plant: arm home
START received for WP-B2-2
Plant: MOTOR Run received
Plant: bottle reached photo eye
Bottle detected by photo eye
Plant: bottle left conveyor
Plant: MOTOR OFF received
EXPERIMENT EVENT name=CONVEYOR_DONE occurrence=2 missionElapsedMs=5113.7164
TRACE CENTRAL_ROTATION_REQUEST_READY rotation=2 request=ROTATE|2 ns=491104838153400
TRACE ROTATION_REQUEST_RECEIVED request=ROTATE|2 lastCompletedId=1 ns=491104838247800
TRACE ROTATE_COMMAND_READY rotation=2 ns=491104838281300
TRACE ROTARY_PLANT_RECEIVED rotation=2 value=true ns=491104838306400
TRACE CENTRAL_ROTATION_REQUEST_RENDEZVOUS_COMPLETE rotation=2 ns=491104839106400
TRACE ROTATE_COMMAND_RENDEZVOUS_COMPLETE rotation=2 ns=491104839228800
TRACE ROTARY_PLANT_ROTATION_COMPLETE rotation=2 ns=491105338202400
TRACE CONTROLLER_ALIGNED_RECEIVED rotation=2 value=true ns=491105339233800
TRACE ROTARY_PLANT_ALIGNED_SENT rotation=2 ns=491105339321900
TRACE CENTRAL_ROTATION_DONE_RECEIVED rotation=2 message=DONE|2 ns=491105341201400
TRACE CENTRAL_MODEL_ALIGNED_RETURNED rotation=2 ns=491105341391200
TRACE ROTATION_DONE_RENDEZVOUS_COMPLETE rotation=2 ns=491105341481500
START received for WP-B2-2
Plant: liquid 1 filled
Plant: liquid 2 filled
TRACE CENTRAL_ROTATION_REQUEST_READY rotation=3 request=ROTATE|3 ns=491106377415200
TRACE ROTATION_REQUEST_RECEIVED request=ROTATE|3 lastCompletedId=2 ns=491106377604400
TRACE ROTATE_COMMAND_READY rotation=3 ns=491106377722700
TRACE ROTARY_PLANT_RECEIVED rotation=3 value=true ns=491106377756200
TRACE CENTRAL_ROTATION_REQUEST_RENDEZVOUS_COMPLETE rotation=3 ns=491106378416500
TRACE ROTATE_COMMAND_RENDEZVOUS_COMPLETE rotation=3 ns=491106378529400
TRACE ROTARY_PLANT_ROTATION_COMPLETE rotation=3 ns=491106877530400
TRACE CONTROLLER_ALIGNED_RECEIVED rotation=3 value=true ns=491106878991600
TRACE ROTARY_PLANT_ALIGNED_SENT rotation=3 ns=491106879039600
TRACE CENTRAL_ROTATION_DONE_RECEIVED rotation=3 message=DONE|3 ns=491106880299500
TRACE CENTRAL_MODEL_ALIGNED_RETURNED rotation=3 ns=491106880461800
TRACE ROTATION_DONE_RENDEZVOUS_COMPLETE rotation=3 ns=491106880535500
TRACE CENTRAL_ROTATION_REQUEST_READY rotation=4 request=ROTATE|4 ns=491106965508800
TRACE ROTATION_REQUEST_RECEIVED request=ROTATE|4 lastCompletedId=3 ns=491106965698100
TRACE ROTATE_COMMAND_READY rotation=4 ns=491106965740400
TRACE ROTARY_PLANT_RECEIVED rotation=4 value=true ns=491106965772200
TRACE CENTRAL_ROTATION_REQUEST_RENDEZVOUS_COMPLETE rotation=4 ns=491106966491400
TRACE ROTATE_COMMAND_RENDEZVOUS_COMPLETE rotation=4 ns=491106966596900
TRACE ROTARY_PLANT_ROTATION_COMPLETE rotation=4 ns=491107466102800
TRACE CONTROLLER_ALIGNED_RECEIVED rotation=4 value=true ns=491107467535500
TRACE ROTARY_PLANT_ALIGNED_SENT rotation=4 ns=491107467586500
TRACE CENTRAL_ROTATION_DONE_RECEIVED rotation=4 message=DONE|4 ns=491107468817500
TRACE CENTRAL_MODEL_ALIGNED_RETURNED rotation=4 ns=491107468938900
TRACE ROTATION_DONE_RENDEZVOUS_COMPLETE rotation=4 ns=491107468994400
START received for WP-B2-1
Plant: MOTOR Run received
Plant: bottle reached photo eye
Bottle detected by photo eye
Plant: bottle left conveyor
Plant: MOTOR OFF received
EXPERIMENT EVENT name=CONVEYOR_DONE occurrence=3 missionElapsedMs=8849.5303
TRACE CENTRAL_ROTATION_REQUEST_READY rotation=5 request=ROTATE|5 ns=491108575943600
TRACE ROTATION_REQUEST_RECEIVED request=ROTATE|5 lastCompletedId=4 ns=491108576015900
TRACE ROTATE_COMMAND_READY rotation=5 ns=491108576053400
TRACE ROTARY_PLANT_RECEIVED rotation=5 value=true ns=491108576082900
TRACE CENTRAL_ROTATION_REQUEST_RENDEZVOUS_COMPLETE rotation=5 ns=491108576943300
TRACE ROTATE_COMMAND_RENDEZVOUS_COMPLETE rotation=5 ns=491108576992200
TRACE ROTARY_PLANT_ROTATION_COMPLETE rotation=5 ns=491109075955800
TRACE CONTROLLER_ALIGNED_RECEIVED rotation=5 value=true ns=491109076934900
TRACE ROTARY_PLANT_ALIGNED_SENT rotation=5 ns=491109076990600
TRACE CENTRAL_ROTATION_DONE_RECEIVED rotation=5 message=DONE|5 ns=491109078914800
TRACE CENTRAL_MODEL_ALIGNED_RETURNED rotation=5 ns=491109079072000
TRACE ROTATION_DONE_RENDEZVOUS_COMPLETE rotation=5 ns=491109079162800
START received for WP-B2-2
Plant: MOTOR Run received
Plant: bottle reached photo eye
Bottle detected by photo eye
Plant: bottle left conveyor
Plant: MOTOR OFF received
EXPERIMENT EVENT name=CONVEYOR_DONE occurrence=4 missionElapsedMs=10448.1896
COORDINATOR COMPLETED WP-B2-1 1/2
COORDINATOR COMPLETED WP-B2-2 2/2
COORDINATOR DRAINED B2 rotations=5
EXPERIMENT_RESULT batch=B2 terminalStatus=DRAINED faultReason=NONE target=COORDINATOR injectMode=EVENT injectEvent=CONVEYOR_DONE injectOccurrence=1 afterEventMs=0 eventMatched=true matchedEventOccurrence=1 eventMatchMissionMs=2062.1841 requestedDurationMs=500 haltTriggered=true haltRecovered=true haltStartAfterEventMs=0.0 haltStartLocalTick=1384 haltEndLocalTick=1732 localTicksDuringHalt=347 actualDownMs=500.2933 missionMs=10624.3835 coordinatorElapsedTicks=7262 batchElapsedTicks=0 productionElapsedTicks=0 safetyElapsedTicks=0
AVAILABILITY FAST HARNESS PASSED: 2 bottles, recipe 35/65
