DEBUG : initialized BatchCoordinatorCD.activateBatchIn_in, CoordinatorBatchHarnessCD.activateBatchOut_o
DEBUG : initialized CoordinatorBatchHarnessCD.batchResultIn_in, BatchCoordinatorCD.batchDrainedOut_o
DEBUG : initialized ProductionCoordinatorCD.batchIn_in, BatchCoordinatorCD.productionBatchOut_o
DEBUG : initialized BatchCoordinatorCD.productionEventIn_in, ProductionCoordinatorCD.batchEventOut_o
DEBUG : initialized BatchCoordinatorCD.safetyResetIn_in, SafetyCoordinatorCD.batchSafetyResetOut_o
DEBUG : initialized ProductionCoordinatorCD.safetyHoldIn_in, SafetyCoordinatorCD.productionSafetyHoldOut_o
DEBUG : initialized ProductionCoordinatorCD.safetyResetIn_in, SafetyCoordinatorCD.productionSafetyResetOut_o
DEBUG : initialized SafetyCoordinatorCD.productionSafetyResetDoneIn_in, ProductionCoordinatorCD.safetyResetDoneOut_o
DEBUG : initialized BottleLoaderController.commandIn_in, ProductionCoordinatorCD.loaderJobOut_o
DEBUG : initialized ProductionCoordinatorCD.loaderReportIn_in, BottleLoaderController.reportOut_o
DEBUG : initialized BottleLoaderController.ackIn_in, ProductionCoordinatorCD.loaderAckOut_o
DEBUG : initialized ConveyorController.commandIn_in, ProductionCoordinatorCD.conveyorJobOut_o
DEBUG : initialized ProductionCoordinatorCD.conveyorReportIn_in, ConveyorController.reportOut_o
DEBUG : initialized ConveyorController.ackIn_in, ProductionCoordinatorCD.conveyorAckOut_o
DEBUG : initialized TwoLiquidFillerController.commandIn_in, ProductionCoordinatorCD.fillerJobOut_o
DEBUG : initialized ProductionCoordinatorCD.fillerReportIn_in, TwoLiquidFillerController.reportOut_o
DEBUG : initialized TwoLiquidFillerController.ackIn_in, ProductionCoordinatorCD.fillerAckOut_o
DEBUG : initialized LidLoaderShimCD.commandIn_in, ProductionCoordinatorCD.lidJobOut_o
DEBUG : initialized ProductionCoordinatorCD.lidReportIn_in, LidLoaderShimCD.reportOut_o
DEBUG : initialized LidLoaderShimCD.ackIn_in, ProductionCoordinatorCD.lidAckOut_o
DEBUG : initialized CapperShimCD.commandIn_in, ProductionCoordinatorCD.capperJobOut_o
DEBUG : initialized ProductionCoordinatorCD.capperReportIn_in, CapperShimCD.reportOut_o
DEBUG : initialized CapperShimCD.ackIn_in, ProductionCoordinatorCD.capperAckOut_o
DEBUG : initialized LabelerShimCD.commandIn_in, ProductionCoordinatorCD.labellerJobOut_o
DEBUG : initialized ProductionCoordinatorCD.labellerReportIn_in, LabelerShimCD.reportOut_o
DEBUG : initialized LabelerShimCD.ackIn_in, ProductionCoordinatorCD.labellerAckOut_o
DEBUG : initialized UnloaderShimCD.commandIn_in, ProductionCoordinatorCD.unloaderJobOut_o
DEBUG : initialized ProductionCoordinatorCD.unloaderReportIn_in, UnloaderShimCD.reportOut_o
DEBUG : initialized UnloaderShimCD.ackIn_in, ProductionCoordinatorCD.unloaderAckOut_o
DEBUG : initialized BottleLoaderPlant.load_in, BottleLoaderController.load_o
DEBUG : initialized BottleLoaderPlant.retract_in, BottleLoaderController.retract_o
DEBUG : initialized BottleLoaderController.bottleAvailable_in, BottleLoaderPlant.bottleAvailable_o
DEBUG : initialized BottleLoaderController.placed_in, BottleLoaderPlant.placed_o
DEBUG : initialized BottleLoaderController.armHome_in, BottleLoaderPlant.armHome_o
DEBUG : initialized ConveyorPlant.motorRun_in, ConveyorController.motorRun_o
DEBUG : initialized ConveyorController.photoEye_in, ConveyorPlant.photoEye_o
DEBUG : initialized ConveyorController.bottleLeft_in, ConveyorPlant.bottleLeft_o
DEBUG : initialized TwoLiquidFillerPlant.dose1_in, TwoLiquidFillerController.dose1_o
DEBUG : initialized TwoLiquidFillerPlant.dose2_in, TwoLiquidFillerController.dose2_o
DEBUG : initialized TwoLiquidFillerController.bottlePresent_in, TwoLiquidFillerPlant.bottlePresent_o
DEBUG : initialized TwoLiquidFillerController.dose1Done_in, TwoLiquidFillerPlant.dose1Done_o
DEBUG : initialized TwoLiquidFillerController.dose2Done_in, TwoLiquidFillerPlant.dose2Done_o
DEBUG : initialized TwoLiquidFillerController.overflow_in, TwoLiquidFillerPlant.overflow_o
DEBUG : initialized TwoLiquidFillerController.currentAmountA_in, TwoLiquidFillerPlant.currentAmountA_o
DEBUG : initialized TwoLiquidFillerController.currentAmountB_in, TwoLiquidFillerPlant.currentAmountB_o
DEBUG : initialized LidLoaderControllerCD.jobIn_in, LidLoaderShimCD.deviceJobOut_o
DEBUG : initialized LidLoaderShimCD.deviceReportIn_in, LidLoaderControllerCD.reportOut_o
DEBUG : initialized LidLoaderControllerCD.ackIn_in, LidLoaderShimCD.deviceAckOut_o
DEBUG : initialized LidLoaderControllerCD.controlIn_in, LidLoaderShimCD.deviceControlOut_o
DEBUG : initialized LidLoaderShimCD.deviceControlReplyIn_in, LidLoaderControllerCD.controlReplyOut_o
DEBUG : initialized CapperControllerCD.jobIn_in, CapperShimCD.deviceJobOut_o
DEBUG : initialized CapperShimCD.deviceReportIn_in, CapperControllerCD.reportOut_o
DEBUG : initialized CapperControllerCD.ackIn_in, CapperShimCD.deviceAckOut_o
DEBUG : initialized CapperControllerCD.controlIn_in, CapperShimCD.deviceControlOut_o
DEBUG : initialized CapperShimCD.deviceControlReplyIn_in, CapperControllerCD.controlReplyOut_o
DEBUG : initialized LabelerControllerCD.jobIn_in, LabelerShimCD.deviceJobOut_o
DEBUG : initialized LabelerShimCD.deviceReportIn_in, LabelerControllerCD.reportOut_o
DEBUG : initialized LabelerControllerCD.ackIn_in, LabelerShimCD.deviceAckOut_o
DEBUG : initialized LabelerControllerCD.controlIn_in, LabelerShimCD.deviceControlOut_o
DEBUG : initialized LabelerShimCD.deviceControlReplyIn_in, LabelerControllerCD.controlReplyOut_o
DEBUG : initialized UnloaderControllerCD.jobIn_in, UnloaderShimCD.deviceJobOut_o
DEBUG : initialized UnloaderShimCD.deviceReportIn_in, UnloaderControllerCD.reportOut_o
DEBUG : initialized UnloaderControllerCD.ackIn_in, UnloaderShimCD.deviceAckOut_o
DEBUG : initialized UnloaderControllerCD.controlIn_in, UnloaderShimCD.deviceControlOut_o
DEBUG : initialized UnloaderShimCD.deviceControlReplyIn_in, UnloaderControllerCD.controlReplyOut_o
DEBUG : initialized RotaryTablePlant.rotate_in, RotaryTableController.rotate_o
DEBUG : initialized RotaryTableController.aligned_in, RotaryTablePlant.aligned_o
DEBUG : initialized LidLoaderPlantCD.commandIn_in, LidLoaderControllerCD.plantCommandOut_o
DEBUG : initialized LidLoaderControllerCD.plantEvidenceIn_in, LidLoaderPlantCD.evidenceOut_o
DEBUG : initialized CapperPlantCD.commandIn_in, CapperControllerCD.plantCommandOut_o
DEBUG : initialized CapperControllerCD.plantEvidenceIn_in, CapperPlantCD.evidenceOut_o
DEBUG : initialized LabelerPlantCD.commandIn_in, LabelerControllerCD.plantCommandOut_o
DEBUG : initialized LabelerControllerCD.plantEvidenceIn_in, LabelerPlantCD.evidenceOut_o
DEBUG : initialized UnloaderPlantCD.commandIn_in, UnloaderControllerCD.plantCommandOut_o
DEBUG : initialized UnloaderControllerCD.plantEvidenceIn_in, UnloaderPlantCD.evidenceOut_o
AVAILABILITY FAST HARNESS: B2 only
[SafetyMonitor] Commands: 'hazard' (simulate human presence / out-of-range sensor), 'clear' (simulate condition back to normal), 'reset' (operator acknowledgement to resume).
FLAT SHIM SIMULATION: LID assumes preconditions, grants boot permit, and auto-repairs safe simulated faults; no bottle retry
FLAT SHIM SIMULATION: CAPPER assumes preconditions, grants boot permit, and auto-repairs safe simulated faults; no bottle retry
FLAT SHIM SIMULATION: LABELLER assumes preconditions, grants boot permit, and auto-repairs safe simulated faults; no bottle retry
FLAT SHIM SIMULATION: UNLOADER assumes preconditions, grants boot permit, and auto-repairs safe simulated faults; no bottle retry
COORDINATOR ACTIVATE B2 quantity=2 doses=35/65
EXPERIMENT ARMED batch=B2 target=SAFETY injectMode=EVENT injectEvent=CONVEYOR_DONE injectOccurrence=1 afterEventMs=0 durationMs=500
START received for WP-B2-1
Plant: LOAD received
Plant: bottle placed
Plant: RETRACT received
Plant: arm home
START received for WP-B2-1
Plant: MOTOR Run received
Plant: bottle reached photo eye
Bottle detected by photo eye
Plant: bottle left conveyor
Plant: MOTOR OFF received
EXPERIMENT EVENT name=CONVEYOR_DONE occurrence=1 missionElapsedMs=2055.0976
EXPERIMENT HALT_START target=SAFETY mode=EVENT event=CONVEYOR_DONE occurrence=1 missionElapsedMs=2055.0976 afterMatchedEventMs=0.0 haltStartLocalTick=1294 requestedDurationMs=500
TRACE WAIT_ALIGNMENT_ENTER rotation=1 ns=498629656499600 deadlineNs=498644656499600
TRACE ROTATE_TRIGGER_EMITTED rotation=1 ns=498629656730700
TRACE ROTARY_CONTROLLER_RECEIVED rotation=1 ns=498629662683600
TRACE ROTARY_PLANT_RECEIVED rotation=1 value=true ns=498629662950400
TRACE ROTATE_COMMAND_SENT rotation=1 ns=498629664576900
EXPERIMENT HALT_END target=SAFETY actualDownMs=503.849 haltEndLocalTick=1581 localTicksDuringHalt=286
TRACE ROTARY_PLANT_ROTATION_COMPLETE rotation=1 ns=498630171018500
TRACE CONTROLLER_ALIGNED_RECEIVED rotation=1 value=true ns=498630187176300
TRACE TABLE_ALIGNED_EMITTED rotation=1 ns=498630187383700
TRACE ROTARY_PLANT_ALIGNED_SENT rotation=1 ns=498630187874800
TRACE TABLE_ALIGNED_OBSERVED rotation=1 ns=498630234613800
TRACE MODEL_ALIGNED_COMMITTED rotation=1 ns=498630234839300
TRACE MODEL_ALIGNED_RETURNED rotation=1 fault= ns=498630234916500
START received for WP-B2-2
START received for WP-B2-1
Plant: LOAD received
Plant: liquid 1 filled
Plant: bottle placed
Plant: RETRACT received
Plant: liquid 2 filled
Plant: arm home
START received for WP-B2-2
Plant: MOTOR Run received
Plant: bottle reached photo eye
Bottle detected by photo eye
Plant: bottle left conveyor
Plant: MOTOR OFF received
EXPERIMENT EVENT name=CONVEYOR_DONE occurrence=2 missionElapsedMs=5135.303
TRACE WAIT_ALIGNMENT_ENTER rotation=2 ns=498632777523600 deadlineNs=498647777523600
TRACE ROTATE_TRIGGER_EMITTED rotation=2 ns=498632777715500
TRACE ROTARY_CONTROLLER_RECEIVED rotation=2 ns=498632824659700
TRACE ROTARY_PLANT_RECEIVED rotation=2 value=true ns=498632824824300
TRACE ROTATE_COMMAND_SENT rotation=2 ns=498632840663200
TRACE ROTARY_PLANT_ROTATION_COMPLETE rotation=2 ns=498633328718500
TRACE CONTROLLER_ALIGNED_RECEIVED rotation=2 value=true ns=498633344742000
TRACE TABLE_ALIGNED_EMITTED rotation=2 ns=498633344851700
TRACE ROTARY_PLANT_ALIGNED_SENT rotation=2 ns=498633345238500
TRACE TABLE_ALIGNED_OBSERVED rotation=2 ns=498633391366600
TRACE MODEL_ALIGNED_COMMITTED rotation=2 ns=498633391644500
TRACE MODEL_ALIGNED_RETURNED rotation=2 fault= ns=498633391679400
START received for WP-B2-2
Plant: liquid 1 filled
Plant: liquid 2 filled
TRACE WAIT_ALIGNMENT_ENTER rotation=3 ns=498634728660600 deadlineNs=498649728660600
TRACE ROTATE_TRIGGER_EMITTED rotation=3 ns=498634728810700
TRACE ROTARY_CONTROLLER_RECEIVED rotation=3 ns=498634776247800
TRACE ROTARY_PLANT_RECEIVED rotation=3 value=true ns=498634776378200
TRACE ROTATE_COMMAND_SENT rotation=3 ns=498634792281400
TRACE ROTARY_PLANT_ROTATION_COMPLETE rotation=3 ns=498635277623700
TRACE CONTROLLER_ALIGNED_RECEIVED rotation=3 value=true ns=498635293246900
TRACE TABLE_ALIGNED_EMITTED rotation=3 ns=498635293333100
TRACE ROTARY_PLANT_ALIGNED_SENT rotation=3 ns=498635293600300
TRACE TABLE_ALIGNED_OBSERVED rotation=3 ns=498635340082900
TRACE MODEL_ALIGNED_COMMITTED rotation=3 ns=498635340293400
TRACE MODEL_ALIGNED_RETURNED rotation=3 fault= ns=498635340315800
TRACE WAIT_ALIGNMENT_ENTER rotation=4 ns=498635957166100 deadlineNs=498650957166100
TRACE ROTATE_TRIGGER_EMITTED rotation=4 ns=498635957532700
TRACE ROTARY_CONTROLLER_RECEIVED rotation=4 ns=498636005204900
TRACE ROTARY_PLANT_RECEIVED rotation=4 value=true ns=498636005338300
TRACE ROTATE_COMMAND_SENT rotation=4 ns=498636020237500
TRACE ROTARY_PLANT_ROTATION_COMPLETE rotation=4 ns=498636519863700
TRACE CONTROLLER_ALIGNED_RECEIVED rotation=4 value=true ns=498636534947300
TRACE TABLE_ALIGNED_EMITTED rotation=4 ns=498636535071100
TRACE ROTARY_PLANT_ALIGNED_SENT rotation=4 ns=498636535542000
TRACE TABLE_ALIGNED_OBSERVED rotation=4 ns=498636580069800
TRACE MODEL_ALIGNED_COMMITTED rotation=4 ns=498636580274100
TRACE MODEL_ALIGNED_RETURNED rotation=4 fault= ns=498636580297200
START received for WP-B2-1
Plant: MOTOR Run received
Plant: bottle reached photo eye
Bottle detected by photo eye
Plant: bottle left conveyor
Plant: MOTOR OFF received
EXPERIMENT EVENT name=CONVEYOR_DONE occurrence=3 missionElapsedMs=10743.0431
TRACE WAIT_ALIGNMENT_ENTER rotation=5 ns=498638401258100 deadlineNs=498653401258100
TRACE ROTATE_TRIGGER_EMITTED rotation=5 ns=498638401446800
TRACE ROTARY_CONTROLLER_RECEIVED rotation=5 ns=498638448551600
TRACE ROTARY_PLANT_RECEIVED rotation=5 value=true ns=498638448686100
TRACE ROTATE_COMMAND_SENT rotation=5 ns=498638463987600
TRACE ROTARY_PLANT_ROTATION_COMPLETE rotation=5 ns=498638953063000
TRACE CONTROLLER_ALIGNED_RECEIVED rotation=5 value=true ns=498638968599400
TRACE TABLE_ALIGNED_EMITTED rotation=5 ns=498638968709300
TRACE ROTARY_PLANT_ALIGNED_SENT rotation=5 ns=498638969022100
TRACE TABLE_ALIGNED_OBSERVED rotation=5 ns=498639016500700
TRACE MODEL_ALIGNED_COMMITTED rotation=5 ns=498639016679600
TRACE MODEL_ALIGNED_RETURNED rotation=5 fault= ns=498639016725600
START received for WP-B2-2
Plant: MOTOR Run received
Plant: bottle reached photo eye
Bottle detected by photo eye
Plant: bottle left conveyor
Plant: MOTOR OFF received
EXPERIMENT EVENT name=CONVEYOR_DONE occurrence=4 missionElapsedMs=13120.1802
COORDINATOR COMPLETED WP-B2-1 1/2
COORDINATOR COMPLETED WP-B2-2 2/2
COORDINATOR DRAINED B2 rotations=5
COORDINATOR DRAINED B2
EXPERIMENT_RESULT batch=B2 terminalStatus=DRAINED faultReason=NONE target=SAFETY injectMode=EVENT injectEvent=CONVEYOR_DONE injectOccurrence=1 afterEventMs=0 eventMatched=true matchedEventOccurrence=1 eventMatchMissionMs=2055.0976 requestedDurationMs=500 haltTriggered=true haltRecovered=true haltStartAfterEventMs=0.0 haltStartLocalTick=1294 haltEndLocalTick=1581 localTicksDuringHalt=286 actualDownMs=503.849 missionMs=14301.2494 coordinatorElapsedTicks=0 batchElapsedTicks=2326 productionElapsedTicks=2326 safetyElapsedTicks=2326
AVAILABILITY FAST HARNESS PASSED: 2 bottles, recipe 35/65
