DEBUG : initialized BatchCoordinatorCD.activateBatchIn_in, CoordinatorBatchHarnessCD.activateBatchOut_o
DEBUG : initialized CoordinatorBatchHarnessCD.batchResultIn_in, BatchCoordinatorCD.batchDrainedOut_o
DEBUG : initialized ProductionCoordinatorCD.batchIn_in, BatchCoordinatorCD.productionBatchOut_o
DEBUG : initialized BatchCoordinatorCD.productionEventIn_in, ProductionCoordinatorCD.batchEventOut_o
DEBUG : initialized BatchCoordinatorCD.safetyResetIn_in, SafetyCoordinatorCD.batchSafetyResetOut_o
DEBUG : initialized ProductionCoordinatorCD.safetyHoldIn_in, SafetyCoordinatorCD.productionSafetyHoldOut_o
DEBUG : initialized ProductionCoordinatorCD.safetyResetIn_in, SafetyCoordinatorCD.productionSafetyResetOut_o
DEBUG : initialized SafetyCoordinatorCD.productionSafetyResetDoneIn_in, ProductionCoordinatorCD.safetyResetDoneOut_o
DEBUG : initialized BottleLoaderController.commandIn_in, ProductionCoordinatorCD.loaderJobOut_o
DEBUG : initialized ProductionCoordinatorCD.loaderReportIn_in, BottleLoaderController.reportOut_o
DEBUG : initialized BottleLoaderController.ackIn_in, ProductionCoordinatorCD.loaderAckOut_o
DEBUG : initialized ConveyorController.commandIn_in, ProductionCoordinatorCD.conveyorJobOut_o
DEBUG : initialized ProductionCoordinatorCD.conveyorReportIn_in, ConveyorController.reportOut_o
DEBUG : initialized ConveyorController.ackIn_in, ProductionCoordinatorCD.conveyorAckOut_o
DEBUG : initialized TwoLiquidFillerController.commandIn_in, ProductionCoordinatorCD.fillerJobOut_o
DEBUG : initialized ProductionCoordinatorCD.fillerReportIn_in, TwoLiquidFillerController.reportOut_o
DEBUG : initialized TwoLiquidFillerController.ackIn_in, ProductionCoordinatorCD.fillerAckOut_o
DEBUG : initialized LidLoaderShimCD.commandIn_in, ProductionCoordinatorCD.lidJobOut_o
DEBUG : initialized ProductionCoordinatorCD.lidReportIn_in, LidLoaderShimCD.reportOut_o
DEBUG : initialized LidLoaderShimCD.ackIn_in, ProductionCoordinatorCD.lidAckOut_o
DEBUG : initialized CapperShimCD.commandIn_in, ProductionCoordinatorCD.capperJobOut_o
DEBUG : initialized ProductionCoordinatorCD.capperReportIn_in, CapperShimCD.reportOut_o
DEBUG : initialized CapperShimCD.ackIn_in, ProductionCoordinatorCD.capperAckOut_o
DEBUG : initialized LabelerShimCD.commandIn_in, ProductionCoordinatorCD.labellerJobOut_o
DEBUG : initialized ProductionCoordinatorCD.labellerReportIn_in, LabelerShimCD.reportOut_o
DEBUG : initialized LabelerShimCD.ackIn_in, ProductionCoordinatorCD.labellerAckOut_o
DEBUG : initialized UnloaderShimCD.commandIn_in, ProductionCoordinatorCD.unloaderJobOut_o
DEBUG : initialized ProductionCoordinatorCD.unloaderReportIn_in, UnloaderShimCD.reportOut_o
DEBUG : initialized UnloaderShimCD.ackIn_in, ProductionCoordinatorCD.unloaderAckOut_o
DEBUG : initialized BottleLoaderPlant.load_in, BottleLoaderController.load_o
DEBUG : initialized BottleLoaderPlant.retract_in, BottleLoaderController.retract_o
DEBUG : initialized BottleLoaderController.bottleAvailable_in, BottleLoaderPlant.bottleAvailable_o
DEBUG : initialized BottleLoaderController.placed_in, BottleLoaderPlant.placed_o
DEBUG : initialized BottleLoaderController.armHome_in, BottleLoaderPlant.armHome_o
DEBUG : initialized ConveyorPlant.motorRun_in, ConveyorController.motorRun_o
DEBUG : initialized ConveyorController.photoEye_in, ConveyorPlant.photoEye_o
DEBUG : initialized ConveyorController.bottleLeft_in, ConveyorPlant.bottleLeft_o
DEBUG : initialized TwoLiquidFillerPlant.dose1_in, TwoLiquidFillerController.dose1_o
DEBUG : initialized TwoLiquidFillerPlant.dose2_in, TwoLiquidFillerController.dose2_o
DEBUG : initialized TwoLiquidFillerController.bottlePresent_in, TwoLiquidFillerPlant.bottlePresent_o
DEBUG : initialized TwoLiquidFillerController.dose1Done_in, TwoLiquidFillerPlant.dose1Done_o
DEBUG : initialized TwoLiquidFillerController.dose2Done_in, TwoLiquidFillerPlant.dose2Done_o
DEBUG : initialized TwoLiquidFillerController.overflow_in, TwoLiquidFillerPlant.overflow_o
DEBUG : initialized TwoLiquidFillerController.currentAmountA_in, TwoLiquidFillerPlant.currentAmountA_o
DEBUG : initialized TwoLiquidFillerController.currentAmountB_in, TwoLiquidFillerPlant.currentAmountB_o
DEBUG : initialized LidLoaderControllerCD.jobIn_in, LidLoaderShimCD.deviceJobOut_o
DEBUG : initialized LidLoaderShimCD.deviceReportIn_in, LidLoaderControllerCD.reportOut_o
DEBUG : initialized LidLoaderControllerCD.ackIn_in, LidLoaderShimCD.deviceAckOut_o
DEBUG : initialized LidLoaderControllerCD.controlIn_in, LidLoaderShimCD.deviceControlOut_o
DEBUG : initialized LidLoaderShimCD.deviceControlReplyIn_in, LidLoaderControllerCD.controlReplyOut_o
DEBUG : initialized CapperControllerCD.jobIn_in, CapperShimCD.deviceJobOut_o
DEBUG : initialized CapperShimCD.deviceReportIn_in, CapperControllerCD.reportOut_o
DEBUG : initialized CapperControllerCD.ackIn_in, CapperShimCD.deviceAckOut_o
DEBUG : initialized CapperControllerCD.controlIn_in, CapperShimCD.deviceControlOut_o
DEBUG : initialized CapperShimCD.deviceControlReplyIn_in, CapperControllerCD.controlReplyOut_o
DEBUG : initialized LabelerControllerCD.jobIn_in, LabelerShimCD.deviceJobOut_o
DEBUG : initialized LabelerShimCD.deviceReportIn_in, LabelerControllerCD.reportOut_o
DEBUG : initialized LabelerControllerCD.ackIn_in, LabelerShimCD.deviceAckOut_o
DEBUG : initialized LabelerControllerCD.controlIn_in, LabelerShimCD.deviceControlOut_o
DEBUG : initialized LabelerShimCD.deviceControlReplyIn_in, LabelerControllerCD.controlReplyOut_o
DEBUG : initialized UnloaderControllerCD.jobIn_in, UnloaderShimCD.deviceJobOut_o
DEBUG : initialized UnloaderShimCD.deviceReportIn_in, UnloaderControllerCD.reportOut_o
DEBUG : initialized UnloaderControllerCD.ackIn_in, UnloaderShimCD.deviceAckOut_o
DEBUG : initialized UnloaderControllerCD.controlIn_in, UnloaderShimCD.deviceControlOut_o
DEBUG : initialized UnloaderShimCD.deviceControlReplyIn_in, UnloaderControllerCD.controlReplyOut_o
DEBUG : initialized RotaryTablePlant.rotate_in, RotaryTableController.rotate_o
DEBUG : initialized RotaryTableController.aligned_in, RotaryTablePlant.aligned_o
DEBUG : initialized LidLoaderPlantCD.commandIn_in, LidLoaderControllerCD.plantCommandOut_o
DEBUG : initialized LidLoaderControllerCD.plantEvidenceIn_in, LidLoaderPlantCD.evidenceOut_o
DEBUG : initialized CapperPlantCD.commandIn_in, CapperControllerCD.plantCommandOut_o
DEBUG : initialized CapperControllerCD.plantEvidenceIn_in, CapperPlantCD.evidenceOut_o
DEBUG : initialized LabelerPlantCD.commandIn_in, LabelerControllerCD.plantCommandOut_o
DEBUG : initialized LabelerControllerCD.plantEvidenceIn_in, LabelerPlantCD.evidenceOut_o
DEBUG : initialized UnloaderPlantCD.commandIn_in, UnloaderControllerCD.plantCommandOut_o
DEBUG : initialized UnloaderControllerCD.plantEvidenceIn_in, UnloaderPlantCD.evidenceOut_o
AVAILABILITY FAST HARNESS: B2 only
[SafetyMonitor] Commands: 'hazard' (simulate human presence / out-of-range sensor), 'clear' (simulate condition back to normal), 'reset' (operator acknowledgement to resume).
FLAT SHIM SIMULATION: LID assumes preconditions, grants boot permit, and auto-repairs safe simulated faults; no bottle retry
FLAT SHIM SIMULATION: CAPPER assumes preconditions, grants boot permit, and auto-repairs safe simulated faults; no bottle retry
FLAT SHIM SIMULATION: LABELLER assumes preconditions, grants boot permit, and auto-repairs safe simulated faults; no bottle retry
FLAT SHIM SIMULATION: UNLOADER assumes preconditions, grants boot permit, and auto-repairs safe simulated faults; no bottle retry
COORDINATOR ACTIVATE B2 quantity=2 doses=35/65
EXPERIMENT ARMED batch=B2 target=ALL3 injectMode=EVENT injectEvent=CONVEYOR_DONE injectOccurrence=1 afterEventMs=0 durationMs=500
START received for WP-B2-1
Plant: LOAD received
Plant: bottle placed
Plant: RETRACT received
Plant: arm home
START received for WP-B2-1
Plant: MOTOR Run received
Plant: bottle reached photo eye
Bottle detected by photo eye
Plant: bottle left conveyor
Plant: MOTOR OFF received
EXPERIMENT EVENT name=CONVEYOR_DONE occurrence=1 missionElapsedMs=2060.1248
EXPERIMENT HALT_START target=ALL3 mode=EVENT event=CONVEYOR_DONE occurrence=1 missionElapsedMs=2060.1248 afterMatchedEventMs=0.0 haltStartLocalTick=1349 requestedDurationMs=500
EXPERIMENT HALT_END target=ALL3 actualDownMs=502.2094 haltEndLocalTick=1573 localTicksDuringHalt=224
TRACE WAIT_ALIGNMENT_ENTER rotation=1 ns=499675666669100 deadlineNs=499690666669100
TRACE ROTATE_TRIGGER_EMITTED rotation=1 ns=499675667141100
TRACE ROTARY_CONTROLLER_RECEIVED rotation=1 ns=499675713589100
TRACE ROTARY_PLANT_RECEIVED rotation=1 value=true ns=499675714020700
TRACE ROTATE_COMMAND_SENT rotation=1 ns=499675728320100
TRACE ROTARY_PLANT_ROTATION_COMPLETE rotation=1 ns=499676228049900
TRACE CONTROLLER_ALIGNED_RECEIVED rotation=1 value=true ns=499676244317800
TRACE TABLE_ALIGNED_EMITTED rotation=1 ns=499676244696000
TRACE ROTARY_PLANT_ALIGNED_SENT rotation=1 ns=499676245441300
TRACE TABLE_ALIGNED_OBSERVED rotation=1 ns=499676290409500
TRACE MODEL_ALIGNED_COMMITTED rotation=1 ns=499676290739000
TRACE MODEL_ALIGNED_RETURNED rotation=1 fault= ns=499676290862400
START received for WP-B2-2
START received for WP-B2-1
Plant: LOAD received
Plant: liquid 1 filled
Plant: bottle placed
Plant: RETRACT received
Plant: liquid 2 filled
Plant: arm home
START received for WP-B2-2
Plant: MOTOR Run received
Plant: bottle reached photo eye
Bottle detected by photo eye
Plant: bottle left conveyor
Plant: MOTOR OFF received
EXPERIMENT EVENT name=CONVEYOR_DONE occurrence=2 missionElapsedMs=5729.8184
TRACE WAIT_ALIGNMENT_ENTER rotation=2 ns=499678850741000 deadlineNs=499693850741000
TRACE ROTATE_TRIGGER_EMITTED rotation=2 ns=499678850972200
TRACE ROTARY_CONTROLLER_RECEIVED rotation=2 ns=499678898222800
TRACE ROTARY_PLANT_RECEIVED rotation=2 value=true ns=499678898431200
TRACE ROTATE_COMMAND_SENT rotation=2 ns=499678913372600
TRACE ROTARY_PLANT_ROTATION_COMPLETE rotation=2 ns=499679412395900
TRACE CONTROLLER_ALIGNED_RECEIVED rotation=2 value=true ns=499679428427600
TRACE TABLE_ALIGNED_EMITTED rotation=2 ns=499679428579500
TRACE ROTARY_PLANT_ALIGNED_SENT rotation=2 ns=499679428925400
TRACE TABLE_ALIGNED_OBSERVED rotation=2 ns=499679475827400
TRACE MODEL_ALIGNED_COMMITTED rotation=2 ns=499679476258900
TRACE MODEL_ALIGNED_RETURNED rotation=2 fault= ns=499679476336200
START received for WP-B2-2
Plant: liquid 1 filled
Plant: liquid 2 filled
TRACE WAIT_ALIGNMENT_ENTER rotation=3 ns=499680835505400 deadlineNs=499695835505400
TRACE ROTATE_TRIGGER_EMITTED rotation=3 ns=499680835613800
TRACE ROTARY_CONTROLLER_RECEIVED rotation=3 ns=499680882650300
TRACE ROTARY_PLANT_RECEIVED rotation=3 value=true ns=499680882790700
TRACE ROTATE_COMMAND_SENT rotation=3 ns=499680898602900
TRACE ROTARY_PLANT_ROTATION_COMPLETE rotation=3 ns=499681382501700
TRACE CONTROLLER_ALIGNED_RECEIVED rotation=3 value=true ns=499681398011700
TRACE TABLE_ALIGNED_EMITTED rotation=3 ns=499681398099000
TRACE ROTARY_PLANT_ALIGNED_SENT rotation=3 ns=499681398373200
TRACE TABLE_ALIGNED_OBSERVED rotation=3 ns=499681444551800
TRACE MODEL_ALIGNED_COMMITTED rotation=3 ns=499681444930700
TRACE MODEL_ALIGNED_RETURNED rotation=3 fault= ns=499681444978900
TRACE WAIT_ALIGNMENT_ENTER rotation=4 ns=499682052997700 deadlineNs=499697052997700
TRACE ROTATE_TRIGGER_EMITTED rotation=4 ns=499682053153500
TRACE ROTARY_CONTROLLER_RECEIVED rotation=4 ns=499682099976300
TRACE ROTARY_PLANT_RECEIVED rotation=4 value=true ns=499682100085600
TRACE ROTATE_COMMAND_SENT rotation=4 ns=499682116048700
TRACE ROTARY_PLANT_ROTATION_COMPLETE rotation=4 ns=499682600043900
TRACE CONTROLLER_ALIGNED_RECEIVED rotation=4 value=true ns=499682615365700
TRACE TABLE_ALIGNED_EMITTED rotation=4 ns=499682615571000
TRACE ROTARY_PLANT_ALIGNED_SENT rotation=4 ns=499682616131700
TRACE TABLE_ALIGNED_OBSERVED rotation=4 ns=499682663278800
TRACE MODEL_ALIGNED_COMMITTED rotation=4 ns=499682663611600
TRACE MODEL_ALIGNED_RETURNED rotation=4 fault= ns=499682663678800
START received for WP-B2-1
Plant: MOTOR Run received
Plant: bottle reached photo eye
Bottle detected by photo eye
Plant: bottle left conveyor
Plant: MOTOR OFF received
EXPERIMENT EVENT name=CONVEYOR_DONE occurrence=3 missionElapsedMs=11345.4715
TRACE WAIT_ALIGNMENT_ENTER rotation=5 ns=499684480524300 deadlineNs=499699480524300
TRACE ROTATE_TRIGGER_EMITTED rotation=5 ns=499684480846700
TRACE ROTARY_CONTROLLER_RECEIVED rotation=5 ns=499684527459500
TRACE ROTARY_PLANT_RECEIVED rotation=5 value=true ns=499684527602300
TRACE ROTATE_COMMAND_SENT rotation=5 ns=499684542729200
TRACE ROTARY_PLANT_ROTATION_COMPLETE rotation=5 ns=499685029614200
TRACE CONTROLLER_ALIGNED_RECEIVED rotation=5 value=true ns=499685045958700
TRACE TABLE_ALIGNED_EMITTED rotation=5 ns=499685046107700
TRACE ROTARY_PLANT_ALIGNED_SENT rotation=5 ns=499685046495600
TRACE TABLE_ALIGNED_OBSERVED rotation=5 ns=499685091623900
TRACE MODEL_ALIGNED_COMMITTED rotation=5 ns=499685091917800
TRACE MODEL_ALIGNED_RETURNED rotation=5 fault= ns=499685091984500
START received for WP-B2-2
Plant: MOTOR Run received
Plant: bottle reached photo eye
Bottle detected by photo eye
Plant: bottle left conveyor
Plant: MOTOR OFF received
EXPERIMENT EVENT name=CONVEYOR_DONE occurrence=4 missionElapsedMs=13709.3022
COORDINATOR COMPLETED WP-B2-1 1/2
COORDINATOR COMPLETED WP-B2-2 2/2
COORDINATOR DRAINED B2 rotations=5
COORDINATOR DRAINED B2
EXPERIMENT_RESULT batch=B2 terminalStatus=DRAINED faultReason=NONE target=ALL3 injectMode=EVENT injectEvent=CONVEYOR_DONE injectOccurrence=1 afterEventMs=0 eventMatched=true matchedEventOccurrence=1 eventMatchMissionMs=2060.1248 requestedDurationMs=500 haltTriggered=true haltRecovered=true haltStartAfterEventMs=0.0 haltStartLocalTick=1349 haltEndLocalTick=1573 localTicksDuringHalt=224 actualDownMs=502.2094 missionMs=14875.842 coordinatorElapsedTicks=0 batchElapsedTicks=2360 productionElapsedTicks=2360 safetyElapsedTicks=2360
AVAILABILITY FAST HARNESS PASSED: 2 bottles, recipe 35/65
