DEBUG : initialized BatchCoordinatorCD.activateBatchIn_in, CoordinatorBatchHarnessCD.activateBatchOut_o
DEBUG : initialized CoordinatorBatchHarnessCD.batchResultIn_in, BatchCoordinatorCD.batchDrainedOut_o
DEBUG : initialized ProductionCoordinatorCD.batchIn_in, BatchCoordinatorCD.productionBatchOut_o
DEBUG : initialized BatchCoordinatorCD.productionEventIn_in, ProductionCoordinatorCD.batchEventOut_o
DEBUG : initialized BatchCoordinatorCD.safetyResetIn_in, SafetyCoordinatorCD.batchSafetyResetOut_o
DEBUG : initialized ProductionCoordinatorCD.safetyHoldIn_in, SafetyCoordinatorCD.productionSafetyHoldOut_o
DEBUG : initialized ProductionCoordinatorCD.safetyResetIn_in, SafetyCoordinatorCD.productionSafetyResetOut_o
DEBUG : initialized SafetyCoordinatorCD.productionSafetyResetDoneIn_in, ProductionCoordinatorCD.safetyResetDoneOut_o
DEBUG : initialized BottleLoaderController.commandIn_in, ProductionCoordinatorCD.loaderJobOut_o
DEBUG : initialized ProductionCoordinatorCD.loaderReportIn_in, BottleLoaderController.reportOut_o
DEBUG : initialized BottleLoaderController.ackIn_in, ProductionCoordinatorCD.loaderAckOut_o
DEBUG : initialized ConveyorController.commandIn_in, ProductionCoordinatorCD.conveyorJobOut_o
DEBUG : initialized ProductionCoordinatorCD.conveyorReportIn_in, ConveyorController.reportOut_o
DEBUG : initialized ConveyorController.ackIn_in, ProductionCoordinatorCD.conveyorAckOut_o
DEBUG : initialized TwoLiquidFillerController.commandIn_in, ProductionCoordinatorCD.fillerJobOut_o
DEBUG : initialized ProductionCoordinatorCD.fillerReportIn_in, TwoLiquidFillerController.reportOut_o
DEBUG : initialized TwoLiquidFillerController.ackIn_in, ProductionCoordinatorCD.fillerAckOut_o
DEBUG : initialized LidLoaderShimCD.commandIn_in, ProductionCoordinatorCD.lidJobOut_o
DEBUG : initialized ProductionCoordinatorCD.lidReportIn_in, LidLoaderShimCD.reportOut_o
DEBUG : initialized LidLoaderShimCD.ackIn_in, ProductionCoordinatorCD.lidAckOut_o
DEBUG : initialized CapperShimCD.commandIn_in, ProductionCoordinatorCD.capperJobOut_o
DEBUG : initialized ProductionCoordinatorCD.capperReportIn_in, CapperShimCD.reportOut_o
DEBUG : initialized CapperShimCD.ackIn_in, ProductionCoordinatorCD.capperAckOut_o
DEBUG : initialized LabelerShimCD.commandIn_in, ProductionCoordinatorCD.labellerJobOut_o
DEBUG : initialized ProductionCoordinatorCD.labellerReportIn_in, LabelerShimCD.reportOut_o
DEBUG : initialized LabelerShimCD.ackIn_in, ProductionCoordinatorCD.labellerAckOut_o
DEBUG : initialized UnloaderShimCD.commandIn_in, ProductionCoordinatorCD.unloaderJobOut_o
DEBUG : initialized ProductionCoordinatorCD.unloaderReportIn_in, UnloaderShimCD.reportOut_o
DEBUG : initialized UnloaderShimCD.ackIn_in, ProductionCoordinatorCD.unloaderAckOut_o
DEBUG : initialized BottleLoaderPlant.load_in, BottleLoaderController.load_o
DEBUG : initialized BottleLoaderPlant.retract_in, BottleLoaderController.retract_o
DEBUG : initialized BottleLoaderController.bottleAvailable_in, BottleLoaderPlant.bottleAvailable_o
DEBUG : initialized BottleLoaderController.placed_in, BottleLoaderPlant.placed_o
DEBUG : initialized BottleLoaderController.armHome_in, BottleLoaderPlant.armHome_o
DEBUG : initialized ConveyorPlant.motorRun_in, ConveyorController.motorRun_o
DEBUG : initialized ConveyorController.photoEye_in, ConveyorPlant.photoEye_o
DEBUG : initialized ConveyorController.bottleLeft_in, ConveyorPlant.bottleLeft_o
DEBUG : initialized TwoLiquidFillerPlant.dose1_in, TwoLiquidFillerController.dose1_o
DEBUG : initialized TwoLiquidFillerPlant.dose2_in, TwoLiquidFillerController.dose2_o
DEBUG : initialized TwoLiquidFillerController.bottlePresent_in, TwoLiquidFillerPlant.bottlePresent_o
DEBUG : initialized TwoLiquidFillerController.dose1Done_in, TwoLiquidFillerPlant.dose1Done_o
DEBUG : initialized TwoLiquidFillerController.dose2Done_in, TwoLiquidFillerPlant.dose2Done_o
DEBUG : initialized TwoLiquidFillerController.overflow_in, TwoLiquidFillerPlant.overflow_o
DEBUG : initialized TwoLiquidFillerController.currentAmountA_in, TwoLiquidFillerPlant.currentAmountA_o
DEBUG : initialized TwoLiquidFillerController.currentAmountB_in, TwoLiquidFillerPlant.currentAmountB_o
DEBUG : initialized LidLoaderControllerCD.jobIn_in, LidLoaderShimCD.deviceJobOut_o
DEBUG : initialized LidLoaderShimCD.deviceReportIn_in, LidLoaderControllerCD.reportOut_o
DEBUG : initialized LidLoaderControllerCD.ackIn_in, LidLoaderShimCD.deviceAckOut_o
DEBUG : initialized LidLoaderControllerCD.controlIn_in, LidLoaderShimCD.deviceControlOut_o
DEBUG : initialized LidLoaderShimCD.deviceControlReplyIn_in, LidLoaderControllerCD.controlReplyOut_o
DEBUG : initialized CapperControllerCD.jobIn_in, CapperShimCD.deviceJobOut_o
DEBUG : initialized CapperShimCD.deviceReportIn_in, CapperControllerCD.reportOut_o
DEBUG : initialized CapperControllerCD.ackIn_in, CapperShimCD.deviceAckOut_o
DEBUG : initialized CapperControllerCD.controlIn_in, CapperShimCD.deviceControlOut_o
DEBUG : initialized CapperShimCD.deviceControlReplyIn_in, CapperControllerCD.controlReplyOut_o
DEBUG : initialized LabelerControllerCD.jobIn_in, LabelerShimCD.deviceJobOut_o
DEBUG : initialized LabelerShimCD.deviceReportIn_in, LabelerControllerCD.reportOut_o
DEBUG : initialized LabelerControllerCD.ackIn_in, LabelerShimCD.deviceAckOut_o
DEBUG : initialized LabelerControllerCD.controlIn_in, LabelerShimCD.deviceControlOut_o
DEBUG : initialized LabelerShimCD.deviceControlReplyIn_in, LabelerControllerCD.controlReplyOut_o
DEBUG : initialized UnloaderControllerCD.jobIn_in, UnloaderShimCD.deviceJobOut_o
DEBUG : initialized UnloaderShimCD.deviceReportIn_in, UnloaderControllerCD.reportOut_o
DEBUG : initialized UnloaderControllerCD.ackIn_in, UnloaderShimCD.deviceAckOut_o
DEBUG : initialized UnloaderControllerCD.controlIn_in, UnloaderShimCD.deviceControlOut_o
DEBUG : initialized UnloaderShimCD.deviceControlReplyIn_in, UnloaderControllerCD.controlReplyOut_o
DEBUG : initialized RotaryTablePlant.rotate_in, RotaryTableController.rotate_o
DEBUG : initialized RotaryTableController.aligned_in, RotaryTablePlant.aligned_o
DEBUG : initialized LidLoaderPlantCD.commandIn_in, LidLoaderControllerCD.plantCommandOut_o
DEBUG : initialized LidLoaderControllerCD.plantEvidenceIn_in, LidLoaderPlantCD.evidenceOut_o
DEBUG : initialized CapperPlantCD.commandIn_in, CapperControllerCD.plantCommandOut_o
DEBUG : initialized CapperControllerCD.plantEvidenceIn_in, CapperPlantCD.evidenceOut_o
DEBUG : initialized LabelerPlantCD.commandIn_in, LabelerControllerCD.plantCommandOut_o
DEBUG : initialized LabelerControllerCD.plantEvidenceIn_in, LabelerPlantCD.evidenceOut_o
DEBUG : initialized UnloaderPlantCD.commandIn_in, UnloaderControllerCD.plantCommandOut_o
DEBUG : initialized UnloaderControllerCD.plantEvidenceIn_in, UnloaderPlantCD.evidenceOut_o
AVAILABILITY FAST HARNESS: B2 only
[SafetyMonitor] Commands: 'hazard' (simulate human presence / out-of-range sensor), 'clear' (simulate condition back to normal), 'reset' (operator acknowledgement to resume).
FLAT SHIM SIMULATION: LID assumes preconditions, grants boot permit, and auto-repairs safe simulated faults; no bottle retry
FLAT SHIM SIMULATION: CAPPER assumes preconditions, grants boot permit, and auto-repairs safe simulated faults; no bottle retry
FLAT SHIM SIMULATION: LABELLER assumes preconditions, grants boot permit, and auto-repairs safe simulated faults; no bottle retry
FLAT SHIM SIMULATION: UNLOADER assumes preconditions, grants boot permit, and auto-repairs safe simulated faults; no bottle retry
COORDINATOR ACTIVATE B2 quantity=2 doses=35/65
EXPERIMENT ARMED batch=B2 target=NONE injectMode=EVENT injectEvent=BATCH_ACCEPTED injectOccurrence=1 afterEventMs=0 durationMs=0
EXPERIMENT EVENT name=BATCH_ACCEPTED occurrence=1 missionElapsedMs=0.0429
START received for WP-B2-1
Plant: LOAD received
Plant: bottle placed
Plant: RETRACT received
Plant: arm home
START received for WP-B2-1
Plant: MOTOR Run received
Plant: bottle reached photo eye
Bottle detected by photo eye
Plant: bottle left conveyor
Plant: MOTOR OFF received
TRACE WAIT_ALIGNMENT_ENTER rotation=1 ns=456699309328500 deadlineNs=456714309328500
TRACE ROTATE_TRIGGER_EMITTED rotation=1 ns=456699309558600
TRACE ROTARY_CONTROLLER_RECEIVED rotation=1 ns=456699315492300
TRACE ROTARY_PLANT_RECEIVED rotation=1 value=true ns=456699315739400
TRACE ROTATE_COMMAND_SENT rotation=1 ns=456699317450400
TRACE ROTARY_PLANT_ROTATION_COMPLETE rotation=1 ns=456699815947500
TRACE CONTROLLER_ALIGNED_RECEIVED rotation=1 value=true ns=456699817854200
TRACE TABLE_ALIGNED_EMITTED rotation=1 ns=456699818062800
TRACE ROTARY_PLANT_ALIGNED_SENT rotation=1 ns=456699818560500
TRACE TABLE_ALIGNED_OBSERVED rotation=1 ns=456699821388600
TRACE MODEL_ALIGNED_COMMITTED rotation=1 ns=456699821570500
TRACE MODEL_ALIGNED_RETURNED rotation=1 fault= ns=456699821685500
START received for WP-B2-2
START received for WP-B2-1
Plant: LOAD received
Plant: liquid 1 filled
Plant: bottle placed
Plant: RETRACT received
Plant: liquid 2 filled
Plant: arm home
START received for WP-B2-2
Plant: MOTOR Run received
Plant: bottle reached photo eye
Bottle detected by photo eye
Plant: bottle left conveyor
Plant: MOTOR OFF received
TRACE WAIT_ALIGNMENT_ENTER rotation=2 ns=456701870875900 deadlineNs=456716870875900
TRACE ROTATE_TRIGGER_EMITTED rotation=2 ns=456701871064200
TRACE ROTARY_CONTROLLER_RECEIVED rotation=2 ns=456701874439800
TRACE ROTARY_PLANT_RECEIVED rotation=2 value=true ns=456701874585400
TRACE ROTATE_COMMAND_SENT rotation=2 ns=456701875958600
TRACE ROTARY_PLANT_ROTATION_COMPLETE rotation=2 ns=456702375374000
TRACE CONTROLLER_ALIGNED_RECEIVED rotation=2 value=true ns=456702376329000
TRACE TABLE_ALIGNED_EMITTED rotation=2 ns=456702376422600
TRACE ROTARY_PLANT_ALIGNED_SENT rotation=2 ns=456702376772100
TRACE TABLE_ALIGNED_OBSERVED rotation=2 ns=456702381457000
TRACE MODEL_ALIGNED_COMMITTED rotation=2 ns=456702381697900
TRACE MODEL_ALIGNED_RETURNED rotation=2 fault= ns=456702381738500
START received for WP-B2-2
Plant: liquid 1 filled
Plant: liquid 2 filled
TRACE WAIT_ALIGNMENT_ENTER rotation=3 ns=456703418764900 deadlineNs=456718418764900
TRACE ROTATE_TRIGGER_EMITTED rotation=3 ns=456703418970300
TRACE ROTARY_CONTROLLER_RECEIVED rotation=3 ns=456703423175200
TRACE ROTARY_PLANT_RECEIVED rotation=3 value=true ns=456703423248000
TRACE ROTATE_COMMAND_SENT rotation=3 ns=456703425174300
TRACE ROTARY_PLANT_ROTATION_COMPLETE rotation=3 ns=456703922841700
TRACE CONTROLLER_ALIGNED_RECEIVED rotation=3 value=true ns=456703923839300
TRACE TABLE_ALIGNED_EMITTED rotation=3 ns=456703923890000
TRACE ROTARY_PLANT_ALIGNED_SENT rotation=3 ns=456703924108200
TRACE TABLE_ALIGNED_OBSERVED rotation=3 ns=456703927824100
TRACE MODEL_ALIGNED_COMMITTED rotation=3 ns=456703927963300
TRACE MODEL_ALIGNED_RETURNED rotation=3 fault= ns=456703927987900
TRACE WAIT_ALIGNMENT_ENTER rotation=4 ns=456704017559400 deadlineNs=456719017559400
TRACE ROTATE_TRIGGER_EMITTED rotation=4 ns=456704017681500
TRACE ROTARY_CONTROLLER_RECEIVED rotation=4 ns=456704021586500
TRACE ROTARY_PLANT_RECEIVED rotation=4 value=true ns=456704021659600
TRACE ROTATE_COMMAND_SENT rotation=4 ns=456704023580200
TRACE ROTARY_PLANT_ROTATION_COMPLETE rotation=4 ns=456704522741600
TRACE CONTROLLER_ALIGNED_RECEIVED rotation=4 value=true ns=456704524727300
TRACE TABLE_ALIGNED_EMITTED rotation=4 ns=456704524788600
TRACE ROTARY_PLANT_ALIGNED_SENT rotation=4 ns=456704525149300
TRACE TABLE_ALIGNED_OBSERVED rotation=4 ns=456704528679100
TRACE MODEL_ALIGNED_COMMITTED rotation=4 ns=456704528907600
TRACE MODEL_ALIGNED_RETURNED rotation=4 fault= ns=456704528943000
START received for WP-B2-1
Plant: MOTOR Run received
Plant: bottle reached photo eye
Bottle detected by photo eye
Plant: bottle left conveyor
Plant: MOTOR OFF received
TRACE WAIT_ALIGNMENT_ENTER rotation=5 ns=456705642467200 deadlineNs=456720642467200
TRACE ROTATE_TRIGGER_EMITTED rotation=5 ns=456705642668700
TRACE ROTARY_CONTROLLER_RECEIVED rotation=5 ns=456705645621900
TRACE ROTARY_PLANT_RECEIVED rotation=5 value=true ns=456705645727000
TRACE ROTATE_COMMAND_SENT rotation=5 ns=456705646528800
TRACE ROTARY_PLANT_ROTATION_COMPLETE rotation=5 ns=456706145016100
TRACE CONTROLLER_ALIGNED_RECEIVED rotation=5 value=true ns=456706146656800
TRACE TABLE_ALIGNED_EMITTED rotation=5 ns=456706146760700
TRACE ROTARY_PLANT_ALIGNED_SENT rotation=5 ns=456706147191500
TRACE TABLE_ALIGNED_OBSERVED rotation=5 ns=456706150626300
TRACE MODEL_ALIGNED_COMMITTED rotation=5 ns=456706150741900
TRACE MODEL_ALIGNED_RETURNED rotation=5 fault= ns=456706150795700
START received for WP-B2-2
Plant: MOTOR Run received
Plant: bottle reached photo eye
Bottle detected by photo eye
Plant: bottle left conveyor
Plant: MOTOR OFF received
COORDINATOR COMPLETED WP-B2-1 1/2
COORDINATOR COMPLETED WP-B2-2 2/2
COORDINATOR DRAINED B2 rotations=5
COORDINATOR DRAINED B2
EXPERIMENT_RESULT batch=B2 terminalStatus=DRAINED faultReason=NONE target=NONE injectMode=EVENT injectEvent=BATCH_ACCEPTED injectOccurrence=1 afterEventMs=0 eventMatched=false matchedEventOccurrence=0 eventMatchMissionMs=-1.0 requestedDurationMs=0 haltTriggered=false haltRecovered=false haltStartAfterEventMs=-1.0 haltStartLocalTick=-1 haltEndLocalTick=-1 localTicksDuringHalt=0 actualDownMs=0.0 missionMs=10186.7282 coordinatorElapsedTicks=0 batchElapsedTicks=6795 productionElapsedTicks=6795 safetyElapsedTicks=6795
AVAILABILITY FAST HARNESS PASSED: 2 bottles, recipe 35/65
